Archive member included to satisfy reference by file (symbol)

/Applications/Ac6/SystemWorkbench.app/Contents/Eclipse/plugins/fr.ac6.mcu.externaltools.arm-none.macos64_1.13.1.201703061524/tools/compiler/bin/../lib/gcc/arm-none-eabi/5.4.1/armv6-m/libgcc.a(_udivsi3.o)
                              Drivers/STM32F0xx_HAL_Driver/Src/stm32f0xx_hal.o (__aeabi_uidiv)
/Applications/Ac6/SystemWorkbench.app/Contents/Eclipse/plugins/fr.ac6.mcu.externaltools.arm-none.macos64_1.13.1.201703061524/tools/compiler/bin/../lib/gcc/arm-none-eabi/5.4.1/armv6-m/libgcc.a(_dvmd_tls.o)
                              /Applications/Ac6/SystemWorkbench.app/Contents/Eclipse/plugins/fr.ac6.mcu.externaltools.arm-none.macos64_1.13.1.201703061524/tools/compiler/bin/../lib/gcc/arm-none-eabi/5.4.1/armv6-m/libgcc.a(_udivsi3.o) (__aeabi_idiv0)
/Applications/Ac6/SystemWorkbench.app/Contents/Eclipse/plugins/fr.ac6.mcu.externaltools.arm-none.macos64_1.13.1.201703061524/tools/compiler/bin/../lib/gcc/arm-none-eabi/5.4.1/../../../../arm-none-eabi/lib/armv6-m/libc_nano.a(lib_a-exit.o)
                              /Applications/Ac6/SystemWorkbench.app/Contents/Eclipse/plugins/fr.ac6.mcu.externaltools.arm-none.macos64_1.13.1.201703061524/tools/compiler/bin/../lib/gcc/arm-none-eabi/5.4.1/../../../../arm-none-eabi/lib/armv6-m/crt0.o (exit)
/Applications/Ac6/SystemWorkbench.app/Contents/Eclipse/plugins/fr.ac6.mcu.externaltools.arm-none.macos64_1.13.1.201703061524/tools/compiler/bin/../lib/gcc/arm-none-eabi/5.4.1/../../../../arm-none-eabi/lib/armv6-m/libc_nano.a(lib_a-impure.o)
                              /Applications/Ac6/SystemWorkbench.app/Contents/Eclipse/plugins/fr.ac6.mcu.externaltools.arm-none.macos64_1.13.1.201703061524/tools/compiler/bin/../lib/gcc/arm-none-eabi/5.4.1/../../../../arm-none-eabi/lib/armv6-m/libc_nano.a(lib_a-exit.o) (_global_impure_ptr)
/Applications/Ac6/SystemWorkbench.app/Contents/Eclipse/plugins/fr.ac6.mcu.externaltools.arm-none.macos64_1.13.1.201703061524/tools/compiler/bin/../lib/gcc/arm-none-eabi/5.4.1/../../../../arm-none-eabi/lib/armv6-m/libc_nano.a(lib_a-init.o)
                              /Applications/Ac6/SystemWorkbench.app/Contents/Eclipse/plugins/fr.ac6.mcu.externaltools.arm-none.macos64_1.13.1.201703061524/tools/compiler/bin/../lib/gcc/arm-none-eabi/5.4.1/../../../../arm-none-eabi/lib/armv6-m/crt0.o (__libc_init_array)
/Applications/Ac6/SystemWorkbench.app/Contents/Eclipse/plugins/fr.ac6.mcu.externaltools.arm-none.macos64_1.13.1.201703061524/tools/compiler/bin/../lib/gcc/arm-none-eabi/5.4.1/../../../../arm-none-eabi/lib/armv6-m/libc_nano.a(lib_a-memcpy-stub.o)
                              Drivers/STM32F0xx_HAL_Driver/Src/stm32f0xx_hal_rcc.o (memcpy)
/Applications/Ac6/SystemWorkbench.app/Contents/Eclipse/plugins/fr.ac6.mcu.externaltools.arm-none.macos64_1.13.1.201703061524/tools/compiler/bin/../lib/gcc/arm-none-eabi/5.4.1/../../../../arm-none-eabi/lib/armv6-m/libc_nano.a(lib_a-memset.o)
                              /Applications/Ac6/SystemWorkbench.app/Contents/Eclipse/plugins/fr.ac6.mcu.externaltools.arm-none.macos64_1.13.1.201703061524/tools/compiler/bin/../lib/gcc/arm-none-eabi/5.4.1/../../../../arm-none-eabi/lib/armv6-m/crt0.o (memset)
/Applications/Ac6/SystemWorkbench.app/Contents/Eclipse/plugins/fr.ac6.mcu.externaltools.arm-none.macos64_1.13.1.201703061524/tools/compiler/bin/../lib/gcc/arm-none-eabi/5.4.1/../../../../arm-none-eabi/lib/armv6-m/libc_nano.a(lib_a-strcasestr.o)
                              Src/main.o (strcasestr)
/Applications/Ac6/SystemWorkbench.app/Contents/Eclipse/plugins/fr.ac6.mcu.externaltools.arm-none.macos64_1.13.1.201703061524/tools/compiler/bin/../lib/gcc/arm-none-eabi/5.4.1/../../../../arm-none-eabi/lib/armv6-m/libc_nano.a(lib_a-strcat.o)
                              Src/main.o (strcat)
/Applications/Ac6/SystemWorkbench.app/Contents/Eclipse/plugins/fr.ac6.mcu.externaltools.arm-none.macos64_1.13.1.201703061524/tools/compiler/bin/../lib/gcc/arm-none-eabi/5.4.1/../../../../arm-none-eabi/lib/armv6-m/libc_nano.a(lib_a-strcpy.o)
                              Src/main.o (strcpy)
/Applications/Ac6/SystemWorkbench.app/Contents/Eclipse/plugins/fr.ac6.mcu.externaltools.arm-none.macos64_1.13.1.201703061524/tools/compiler/bin/../lib/gcc/arm-none-eabi/5.4.1/../../../../arm-none-eabi/lib/armv6-m/libc_nano.a(lib_a-strlen.o)
                              Src/main.o (strlen)
/Applications/Ac6/SystemWorkbench.app/Contents/Eclipse/plugins/fr.ac6.mcu.externaltools.arm-none.macos64_1.13.1.201703061524/tools/compiler/bin/../lib/gcc/arm-none-eabi/5.4.1/../../../../arm-none-eabi/lib/armv6-m/libc_nano.a(lib_a-strncasecmp.o)
                              /Applications/Ac6/SystemWorkbench.app/Contents/Eclipse/plugins/fr.ac6.mcu.externaltools.arm-none.macos64_1.13.1.201703061524/tools/compiler/bin/../lib/gcc/arm-none-eabi/5.4.1/../../../../arm-none-eabi/lib/armv6-m/libc_nano.a(lib_a-strcasestr.o) (strncasecmp)
[...]
Memory Configuration

Name             Origin             Length             Attributes
RAM              0x0000000020000000 0x0000000000002000 xrw
FLASH            0x0000000008000000 0x0000000000010000 xr
*default*        0x0000000000000000 0xffffffffffffffff

Linker script and memory map

LOAD /Applications/Ac6/SystemWorkbench.app/Contents/Eclipse/plugins/fr.ac6.mcu.externaltools.arm-none.macos64_1.13.1.201703061524/tools/compiler/bin/../lib/gcc/arm-none-eabi/5.4.1/armv6-m/crti.o
LOAD /Applications/Ac6/SystemWorkbench.app/Contents/Eclipse/plugins/fr.ac6.mcu.externaltools.arm-none.macos64_1.13.1.201703061524/tools/compiler/bin/../lib/gcc/arm-none-eabi/5.4.1/armv6-m/crtbegin.o
LOAD /Applications/Ac6/SystemWorkbench.app/Contents/Eclipse/plugins/fr.ac6.mcu.externaltools.arm-none.macos64_1.13.1.201703061524/tools/compiler/bin/../lib/gcc/arm-none-eabi/5.4.1/../../../../arm-none-eabi/lib/armv6-m/crt0.o
LOAD /Applications/Ac6/SystemWorkbench.app/Contents/Eclipse/plugins/fr.ac6.mcu.externaltools.arm-none.macos64_1.13.1.201703061524/tools/compiler/bin/../lib/gcc/arm-none-eabi/5.4.1/../../../../arm-none-eabi/lib/armv6-m/libm.a
LOAD Drivers/STM32F0xx_HAL_Driver/Src/stm32f0xx_hal.o
LOAD Drivers/STM32F0xx_HAL_Driver/Src/stm32f0xx_hal_adc.o
LOAD Drivers/STM32F0xx_HAL_Driver/Src/stm32f0xx_hal_adc_ex.o
LOAD Drivers/STM32F0xx_HAL_Driver/Src/stm32f0xx_hal_cortex.o
LOAD Drivers/STM32F0xx_HAL_Driver/Src/stm32f0xx_hal_dma.o
LOAD Drivers/STM32F0xx_HAL_Driver/Src/stm32f0xx_hal_flash.o
LOAD Drivers/STM32F0xx_HAL_Driver/Src/stm32f0xx_hal_flash_ex.o
LOAD Drivers/STM32F0xx_HAL_Driver/Src/stm32f0xx_hal_gpio.o
LOAD Drivers/STM32F0xx_HAL_Driver/Src/stm32f0xx_hal_i2c.o
LOAD Drivers/STM32F0xx_HAL_Driver/Src/stm32f0xx_hal_i2c_ex.o
LOAD Drivers/STM32F0xx_HAL_Driver/Src/stm32f0xx_hal_pwr.o
LOAD Drivers/STM32F0xx_HAL_Driver/Src/stm32f0xx_hal_pwr_ex.o
LOAD Drivers/STM32F0xx_HAL_Driver/Src/stm32f0xx_hal_rcc.o
LOAD Drivers/STM32F0xx_HAL_Driver/Src/stm32f0xx_hal_rcc_ex.o
LOAD Drivers/STM32F0xx_HAL_Driver/Src/stm32f0xx_hal_tim.o
LOAD Drivers/STM32F0xx_HAL_Driver/Src/stm32f0xx_hal_tim_ex.o
LOAD Drivers/STM32F0xx_HAL_Driver/Src/stm32f0xx_hal_tsc.o
LOAD Drivers/STM32F0xx_HAL_Driver/Src/stm32f0xx_hal_uart.o
LOAD Drivers/STM32F0xx_HAL_Driver/Src/stm32f0xx_hal_uart_ex.o
LOAD Src/adc.o
LOAD Src/dma.o
LOAD Src/gpio.o
LOAD Src/i2c.o
LOAD Src/main.o
LOAD Src/stm32f0xx_hal_msp.o
LOAD Src/stm32f0xx_it.o
LOAD Src/system_stm32f0xx.o
LOAD Src/tsc.o
LOAD Src/usart.o
LOAD startup/startup_stm32f051x8.o
START GROUP
LOAD /Applications/Ac6/SystemWorkbench.app/Contents/Eclipse/plugins/fr.ac6.mcu.externaltools.arm-none.macos64_1.13.1.201703061524/tools/compiler/bin/../lib/gcc/arm-none-eabi/5.4.1/armv6-m/libgcc.a
LOAD /Applications/Ac6/SystemWorkbench.app/Contents/Eclipse/plugins/fr.ac6.mcu.externaltools.arm-none.macos64_1.13.1.201703061524/tools/compiler/bin/../lib/gcc/arm-none-eabi/5.4.1/../../../../arm-none-eabi/lib/armv6-m/libc_nano.a
END GROUP
START GROUP
LOAD /Applications/Ac6/SystemWorkbench.app/Contents/Eclipse/plugins/fr.ac6.mcu.externaltools.arm-none.macos64_1.13.1.201703061524/tools/compiler/bin/../lib/gcc/arm-none-eabi/5.4.1/armv6-m/libgcc.a
LOAD /Applications/Ac6/SystemWorkbench.app/Contents/Eclipse/plugins/fr.ac6.mcu.externaltools.arm-none.macos64_1.13.1.201703061524/tools/compiler/bin/../lib/gcc/arm-none-eabi/5.4.1/../../../../arm-none-eabi/lib/armv6-m/libc_nano.a
LOAD /Applications/Ac6/SystemWorkbench.app/Contents/Eclipse/plugins/fr.ac6.mcu.externaltools.arm-none.macos64_1.13.1.201703061524/tools/compiler/bin/../lib/gcc/arm-none-eabi/5.4.1/../../../../arm-none-eabi/lib/armv6-m/libnosys.a
END GROUP
START GROUP
LOAD /Applications/Ac6/SystemWorkbench.app/Contents/Eclipse/plugins/fr.ac6.mcu.externaltools.arm-none.macos64_1.13.1.201703061524/tools/compiler/bin/../lib/gcc/arm-none-eabi/5.4.1/armv6-m/libgcc.a
LOAD /Applications/Ac6/SystemWorkbench.app/Contents/Eclipse/plugins/fr.ac6.mcu.externaltools.arm-none.macos64_1.13.1.201703061524/tools/compiler/bin/../lib/gcc/arm-none-eabi/5.4.1/../../../../arm-none-eabi/lib/armv6-m/libc_nano.a
LOAD /Applications/Ac6/SystemWorkbench.app/Contents/Eclipse/plugins/fr.ac6.mcu.externaltools.arm-none.macos64_1.13.1.201703061524/tools/compiler/bin/../lib/gcc/arm-none-eabi/5.4.1/../../../../arm-none-eabi/lib/armv6-m/libnosys.a
END GROUP
LOAD /Applications/Ac6/SystemWorkbench.app/Contents/Eclipse/plugins/fr.ac6.mcu.externaltools.arm-none.macos64_1.13.1.201703061524/tools/compiler/bin/../lib/gcc/arm-none-eabi/5.4.1/armv6-m/crtend.o
LOAD /Applications/Ac6/SystemWorkbench.app/Contents/Eclipse/plugins/fr.ac6.mcu.externaltools.arm-none.macos64_1.13.1.201703061524/tools/compiler/bin/../lib/gcc/arm-none-eabi/5.4.1/armv6-m/crtn.o
                0x0000000020002000                _estack = 0x20002000
                0x0000000000000200                _Min_Heap_Size = 0x200
                0x0000000000000400                _Min_Stack_Size = 0x400

.isr_vector     0x0000000008000000       0xc0
                0x0000000008000000                . = ALIGN (0x4)
 *(.isr_vector)
 .isr_vector    0x0000000008000000       0xc0 startup/startup_stm32f051x8.o
                0x0000000008000000                g_pfnVectors
                0x00000000080000c0                . = ALIGN (0x4)

.text           0x00000000080000c0     0x28a4
                0x00000000080000c0                . = ALIGN (0x4)
 *(.text)
 .text          0x00000000080000c0       0x60 /Applications/Ac6/SystemWorkbench.app/Contents/Eclipse/plugins/fr.ac6.mcu.externaltools.arm-none.macos64_1.13.1.201703061524/tools/compiler/bin/../lib/gcc/arm-none-eabi/5.4.1/armv6-m/crtbegin.o
 .text          0x0000000008000120      0x114 /Applications/Ac6/SystemWorkbench.app/Contents/Eclipse/plugins/fr.ac6.mcu.externaltools.arm-none.macos64_1.13.1.201703061524/tools/compiler/bin/../lib/gcc/arm-none-eabi/5.4.1/armv6-m/libgcc.a(_udivsi3.o)
                0x0000000008000120                __udivsi3
                0x0000000008000120                __aeabi_uidiv
                0x000000000800022c                __aeabi_uidivmod
 .text          0x0000000008000234        0x4 /Applications/Ac6/SystemWorkbench.app/Contents/Eclipse/plugins/fr.ac6.mcu.externaltools.arm-none.macos64_1.13.1.201703061524/tools/compiler/bin/../lib/gcc/arm-none-eabi/5.4.1/armv6-m/libgcc.a(_dvmd_tls.o)
                0x0000000008000234                __aeabi_ldiv0
                0x0000000008000234                __aeabi_idiv0
 .text          0x0000000008000238        0xe /Applications/Ac6/SystemWorkbench.app/Contents/Eclipse/plugins/fr.ac6.mcu.externaltools.arm-none.macos64_1.13.1.201703061524/tools/compiler/bin/../lib/gcc/arm-none-eabi/5.4.1/../../../../arm-none-eabi/lib/armv6-m/libc_nano.a(lib_a-strlen.o)
                0x0000000008000238                strlen
 *(.text*)
 *fill*         0x0000000008000246        0x2 
 .text.HAL_InitTick
                0x0000000008000248       0x24 Drivers/STM32F0xx_HAL_Driver/Src/stm32f0xx_hal.o
                0x0000000008000248                HAL_InitTick
 .text.HAL_Init
                0x000000000800026c       0x20 Drivers/STM32F0xx_HAL_Driver/Src/stm32f0xx_hal.o
                0x000000000800026c                HAL_Init
 .text.HAL_IncTick
                0x000000000800028c       0x10 Drivers/STM32F0xx_HAL_Driver/Src/stm32f0xx_hal.o
                0x000000000800028c                HAL_IncTick
 .text.HAL_GetTick
                0x000000000800029c        0xc Drivers/STM32F0xx_HAL_Driver/Src/stm32f0xx_hal.o
                0x000000000800029c                HAL_GetTick
 .text.HAL_Delay
                0x00000000080002a8       0x24 Drivers/STM32F0xx_HAL_Driver/Src/stm32f0xx_hal.o
                0x00000000080002a8                HAL_Delay
 .text.ADC_Enable
                0x00000000080002cc       0xb8 Drivers/STM32F0xx_HAL_Driver/Src/stm32f0xx_hal_adc.o
 .text.HAL_ADC_Init
                0x0000000008000384      0x184 Drivers/STM32F0xx_HAL_Driver/Src/stm32f0xx_hal_adc.o
                0x0000000008000384                HAL_ADC_Init
 .text.HAL_ADC_Start_DMA
                0x0000000008000508       0xac Drivers/STM32F0xx_HAL_Driver/Src/stm32f0xx_hal_adc.o
                0x0000000008000508                HAL_ADC_Start_DMA
 .text.HAL_ADC_ConvCpltCallback
                0x00000000080005b4        0x4 Drivers/STM32F0xx_HAL_Driver/Src/stm32f0xx_hal_adc.o
                0x00000000080005b4                HAL_ADC_ConvCpltCallback
 .text.ADC_DMAConvCplt
                0x00000000080005b8       0x70 Drivers/STM32F0xx_HAL_Driver/Src/stm32f0xx_hal_adc.o
 .text.HAL_ADC_ConvHalfCpltCallback
                0x0000000008000628        0x4 Drivers/STM32F0xx_HAL_Driver/Src/stm32f0xx_hal_adc.o
                0x0000000008000628                HAL_ADC_ConvHalfCpltCallback
 .text.ADC_DMAHalfConvCplt
                0x000000000800062c        0xc Drivers/STM32F0xx_HAL_Driver/Src/stm32f0xx_hal_adc.o
 .text.HAL_ADC_ErrorCallback
                0x0000000008000638        0x4 Drivers/STM32F0xx_HAL_Driver/Src/stm32f0xx_hal_adc.o
                0x0000000008000638                HAL_ADC_ErrorCallback
 .text.ADC_DMAError
                0x000000000800063c       0x1c Drivers/STM32F0xx_HAL_Driver/Src/stm32f0xx_hal_adc.o
 .text.HAL_ADC_ConfigChannel
                0x0000000008000658      0x14c Drivers/STM32F0xx_HAL_Driver/Src/stm32f0xx_hal_adc.o
                0x0000000008000658                HAL_ADC_ConfigChannel
 .text.HAL_NVIC_SetPriority
                0x00000000080007a4       0x64 Drivers/STM32F0xx_HAL_Driver/Src/stm32f0xx_hal_cortex.o
                0x00000000080007a4                HAL_NVIC_SetPriority
 .text.HAL_NVIC_EnableIRQ
                0x0000000008000808       0x14 Drivers/STM32F0xx_HAL_Driver/Src/stm32f0xx_hal_cortex.o
                0x0000000008000808                HAL_NVIC_EnableIRQ
 .text.HAL_SYSTICK_Config
                0x000000000800081c       0x38 Drivers/STM32F0xx_HAL_Driver/Src/stm32f0xx_hal_cortex.o
                0x000000000800081c                HAL_SYSTICK_Config
 .text.HAL_SYSTICK_CLKSourceConfig
                0x0000000008000854       0x20 Drivers/STM32F0xx_HAL_Driver/Src/stm32f0xx_hal_cortex.o
                0x0000000008000854                HAL_SYSTICK_CLKSourceConfig
 .text.HAL_SYSTICK_Callback
                0x0000000008000874        0x4 Drivers/STM32F0xx_HAL_Driver/Src/stm32f0xx_hal_cortex.o
                0x0000000008000874                HAL_SYSTICK_Callback
 .text.HAL_SYSTICK_IRQHandler
                0x0000000008000878        0x8 Drivers/STM32F0xx_HAL_Driver/Src/stm32f0xx_hal_cortex.o
                0x0000000008000878                HAL_SYSTICK_IRQHandler
 .text.DMA_SetConfig
                0x0000000008000880       0x2c Drivers/STM32F0xx_HAL_Driver/Src/stm32f0xx_hal_dma.o
 .text.DMA_CalcBaseAndBitshift
                0x00000000080008ac       0x28 Drivers/STM32F0xx_HAL_Driver/Src/stm32f0xx_hal_dma.o
 .text.HAL_DMA_Init
                0x00000000080008d4       0x5c Drivers/STM32F0xx_HAL_Driver/Src/stm32f0xx_hal_dma.o
                0x00000000080008d4                HAL_DMA_Init
 .text.HAL_DMA_Start_IT
                0x0000000008000930       0x78 Drivers/STM32F0xx_HAL_Driver/Src/stm32f0xx_hal_dma.o
                0x0000000008000930                HAL_DMA_Start_IT
 .text.HAL_DMA_Abort_IT
                0x00000000080009a8       0x4c Drivers/STM32F0xx_HAL_Driver/Src/stm32f0xx_hal_dma.o
                0x00000000080009a8                HAL_DMA_Abort_IT
 .text.HAL_DMA_IRQHandler
                0x00000000080009f4       0xac Drivers/STM32F0xx_HAL_Driver/Src/stm32f0xx_hal_dma.o
                0x00000000080009f4                HAL_DMA_IRQHandler
 .text.HAL_GPIO_Init
                0x0000000008000aa0      0x188 Drivers/STM32F0xx_HAL_Driver/Src/stm32f0xx_hal_gpio.o
                0x0000000008000aa0                HAL_GPIO_Init
 .text.HAL_GPIO_ReadPin
                0x0000000008000c28       0x10 Drivers/STM32F0xx_HAL_Driver/Src/stm32f0xx_hal_gpio.o
                0x0000000008000c28                HAL_GPIO_ReadPin
 .text.HAL_GPIO_WritePin
                0x0000000008000c38        0xc Drivers/STM32F0xx_HAL_Driver/Src/stm32f0xx_hal_gpio.o
                0x0000000008000c38                HAL_GPIO_WritePin
 .text.HAL_I2C_Init
                0x0000000008000c44       0xc8 Drivers/STM32F0xx_HAL_Driver/Src/stm32f0xx_hal_i2c.o
                0x0000000008000c44                HAL_I2C_Init
 .text.HAL_I2CEx_ConfigAnalogFilter
                0x0000000008000d0c       0x58 Drivers/STM32F0xx_HAL_Driver/Src/stm32f0xx_hal_i2c_ex.o
                0x0000000008000d0c                HAL_I2CEx_ConfigAnalogFilter
 .text.HAL_I2CEx_ConfigDigitalFilter
                0x0000000008000d64       0x54 Drivers/STM32F0xx_HAL_Driver/Src/stm32f0xx_hal_i2c_ex.o
                0x0000000008000d64                HAL_I2CEx_ConfigDigitalFilter
 .text.HAL_RCC_OscConfig
                0x0000000008000db8      0x480 Drivers/STM32F0xx_HAL_Driver/Src/stm32f0xx_hal_rcc.o
                0x0000000008000db8                HAL_RCC_OscConfig
 .text.HAL_RCC_GetSysClockFreq
                0x0000000008001238       0x68 Drivers/STM32F0xx_HAL_Driver/Src/stm32f0xx_hal_rcc.o
                0x0000000008001238                HAL_RCC_GetSysClockFreq
 .text.HAL_RCC_ClockConfig
                0x00000000080012a0      0x160 Drivers/STM32F0xx_HAL_Driver/Src/stm32f0xx_hal_rcc.o
                0x00000000080012a0                HAL_RCC_ClockConfig
 .text.HAL_RCC_GetHCLKFreq
                0x0000000008001400        0xc Drivers/STM32F0xx_HAL_Driver/Src/stm32f0xx_hal_rcc.o
                0x0000000008001400                HAL_RCC_GetHCLKFreq
 .text.HAL_RCC_GetPCLK1Freq
                0x000000000800140c       0x20 Drivers/STM32F0xx_HAL_Driver/Src/stm32f0xx_hal_rcc.o
                0x000000000800140c                HAL_RCC_GetPCLK1Freq
 .text.HAL_RCCEx_PeriphCLKConfig
                0x000000000800142c      0x130 Drivers/STM32F0xx_HAL_Driver/Src/stm32f0xx_hal_rcc_ex.o
                0x000000000800142c                HAL_RCCEx_PeriphCLKConfig
 .text.TSC_extract_groups
                0x000000000800155c       0x24 Drivers/STM32F0xx_HAL_Driver/Src/stm32f0xx_hal_tsc.o
 .text.HAL_TSC_Init
                0x0000000008001580       0xa8 Drivers/STM32F0xx_HAL_Driver/Src/stm32f0xx_hal_tsc.o
                0x0000000008001580                HAL_TSC_Init
 .text.UART_EndRxTransfer
                0x0000000008001628       0x20 Drivers/STM32F0xx_HAL_Driver/Src/stm32f0xx_hal_uart.o
 .text.HAL_UART_Receive_IT
                0x0000000008001648       0xb4 Drivers/STM32F0xx_HAL_Driver/Src/stm32f0xx_hal_uart.o
                0x0000000008001648                HAL_UART_Receive_IT
 .text.HAL_UART_TxCpltCallback
                0x00000000080016fc        0x4 Drivers/STM32F0xx_HAL_Driver/Src/stm32f0xx_hal_uart.o
                0x00000000080016fc                HAL_UART_TxCpltCallback
 .text.HAL_UART_ErrorCallback
                0x0000000008001700        0x4 Drivers/STM32F0xx_HAL_Driver/Src/stm32f0xx_hal_uart.o
                0x0000000008001700                HAL_UART_ErrorCallback
 .text.UART_DMAAbortOnError
                0x0000000008001704       0x14 Drivers/STM32F0xx_HAL_Driver/Src/stm32f0xx_hal_uart.o
 .text.UART_SetConfig
                0x0000000008001718      0x1b4 Drivers/STM32F0xx_HAL_Driver/Src/stm32f0xx_hal_uart.o
                0x0000000008001718                UART_SetConfig
 .text.UART_AdvFeatureConfig
                0x00000000080018cc       0xe0 Drivers/STM32F0xx_HAL_Driver/Src/stm32f0xx_hal_uart.o
                0x00000000080018cc                UART_AdvFeatureConfig
 .text.UART_WaitOnFlagUntilTimeout
                0x00000000080019ac       0x6c Drivers/STM32F0xx_HAL_Driver/Src/stm32f0xx_hal_uart.o
                0x00000000080019ac                UART_WaitOnFlagUntilTimeout
 .text.HAL_UART_Transmit
                0x0000000008001a18       0xe4 Drivers/STM32F0xx_HAL_Driver/Src/stm32f0xx_hal_uart.o
                0x0000000008001a18                HAL_UART_Transmit
 .text.UART_CheckIdleState
                0x0000000008001afc       0x78 Drivers/STM32F0xx_HAL_Driver/Src/stm32f0xx_hal_uart.o
                0x0000000008001afc                UART_CheckIdleState
 .text.HAL_UART_Init
                0x0000000008001b74       0x6c Drivers/STM32F0xx_HAL_Driver/Src/stm32f0xx_hal_uart.o
                0x0000000008001b74                HAL_UART_Init
 .text.UART_Transmit_IT
                0x0000000008001be0       0x6c Drivers/STM32F0xx_HAL_Driver/Src/stm32f0xx_hal_uart.o
                0x0000000008001be0                UART_Transmit_IT
 .text.UART_EndTransmit_IT
                0x0000000008001c4c       0x1c Drivers/STM32F0xx_HAL_Driver/Src/stm32f0xx_hal_uart.o
                0x0000000008001c4c                UART_EndTransmit_IT
 .text.UART_Receive_IT
                0x0000000008001c68       0x88 Drivers/STM32F0xx_HAL_Driver/Src/stm32f0xx_hal_uart.o
                0x0000000008001c68                UART_Receive_IT
 .text.HAL_UART_IRQHandler
                0x0000000008001cf0      0x140 Drivers/STM32F0xx_HAL_Driver/Src/stm32f0xx_hal_uart.o
                0x0000000008001cf0                HAL_UART_IRQHandler
 .text.HAL_UARTEx_WakeupCallback
                0x0000000008001e30        0x4 Drivers/STM32F0xx_HAL_Driver/Src/stm32f0xx_hal_uart_ex.o
                0x0000000008001e30                HAL_UARTEx_WakeupCallback
 .text.MX_ADC_Init
                0x0000000008001e34       0x88 Src/adc.o
                0x0000000008001e34                MX_ADC_Init
 .text.HAL_ADC_MspInit
                0x0000000008001ebc       0x84 Src/adc.o
                0x0000000008001ebc                HAL_ADC_MspInit
 .text.MX_DMA_Init
                0x0000000008001f40       0x30 Src/dma.o
                0x0000000008001f40                MX_DMA_Init
 .text.MX_GPIO_Init
                0x0000000008001f70      0x10c Src/gpio.o
                0x0000000008001f70                MX_GPIO_Init
 .text.MX_I2C2_Init
                0x000000000800207c       0x68 Src/i2c.o
                0x000000000800207c                MX_I2C2_Init
 .text.HAL_I2C_MspInit
                0x00000000080020e4       0x48 Src/i2c.o
                0x00000000080020e4                HAL_I2C_MspInit
 .text.sim800_Init
                0x000000000800212c       0x60 Src/main.o
                0x000000000800212c                sim800_Init
 .text.size     0x000000000800218c       0x10 Src/main.o
                0x000000000800218c                size
 .text.SIM800_call
                0x000000000800219c       0x48 Src/main.o
                0x000000000800219c                SIM800_call
 .text.SIM800_Check
                0x00000000080021e4       0x28 Src/main.o
                0x00000000080021e4                SIM800_Check
 .text.SIM800_delet_all_sms
                0x000000000800220c       0x18 Src/main.o
                0x000000000800220c                SIM800_delet_all_sms
 .text.HAL_UART_RxCpltCallback
                0x0000000008002224       0xd0 Src/main.o
                0x0000000008002224                HAL_UART_RxCpltCallback
 .text._Error_Handler
                0x00000000080022f4        0x4 Src/main.o
                0x00000000080022f4                _Error_Handler
 .text.SystemClock_Config
                0x00000000080022f8       0xa4 Src/main.o
                0x00000000080022f8                SystemClock_Config
 .text.main     0x000000000800239c       0xe4 Src/main.o
                0x000000000800239c                main
 .text.HAL_MspInit
                0x0000000008002480       0x40 Src/stm32f0xx_hal_msp.o
                0x0000000008002480                HAL_MspInit
 .text.NMI_Handler
                0x00000000080024c0        0x4 Src/stm32f0xx_it.o
                0x00000000080024c0                NMI_Handler
 .text.HardFault_Handler
                0x00000000080024c4        0x4 Src/stm32f0xx_it.o
                0x00000000080024c4                HardFault_Handler
 .text.SVC_Handler
                0x00000000080024c8        0x4 Src/stm32f0xx_it.o
                0x00000000080024c8                SVC_Handler
 .text.PendSV_Handler
                0x00000000080024cc        0x4 Src/stm32f0xx_it.o
                0x00000000080024cc                PendSV_Handler
 .text.SysTick_Handler
                0x00000000080024d0        0xc Src/stm32f0xx_it.o
                0x00000000080024d0                SysTick_Handler
 .text.DMA1_Channel1_IRQHandler
                0x00000000080024dc       0x10 Src/stm32f0xx_it.o
                0x00000000080024dc                DMA1_Channel1_IRQHandler
 .text.USART1_IRQHandler
                0x00000000080024ec       0x10 Src/stm32f0xx_it.o
                0x00000000080024ec                USART1_IRQHandler
 .text.SystemInit
                0x00000000080024fc       0x60 Src/system_stm32f0xx.o
                0x00000000080024fc                SystemInit
 .text.MX_TSC_Init
                0x000000000800255c       0x54 Src/tsc.o
                0x000000000800255c                MX_TSC_Init
 .text.HAL_TSC_MspInit
                0x00000000080025b0       0x68 Src/tsc.o
                0x00000000080025b0                HAL_TSC_MspInit
 .text.MX_USART1_UART_Init
                0x0000000008002618       0x40 Src/usart.o
                0x0000000008002618                MX_USART1_UART_Init
 .text.MX_USART2_UART_Init
                0x0000000008002658       0x40 Src/usart.o
                0x0000000008002658                MX_USART2_UART_Init
 .text.HAL_UART_MspInit
                0x0000000008002698       0x98 Src/usart.o
                0x0000000008002698                HAL_UART_MspInit
 .text.Reset_Handler
                0x0000000008002730       0x50 startup/startup_stm32f051x8.o
                0x0000000008002730                Reset_Handler
 .text.Default_Handler
                0x0000000008002780        0x2 startup/startup_stm32f051x8.o
                0x0000000008002780                TIM1_BRK_UP_TRG_COM_IRQHandler
                0x0000000008002780                TSC_IRQHandler
                0x0000000008002780                ADC1_COMP_IRQHandler
                0x0000000008002780                PVD_IRQHandler
                0x0000000008002780                I2C1_IRQHandler
                0x0000000008002780                RCC_CRS_IRQHandler
                0x0000000008002780                SPI1_IRQHandler
                0x0000000008002780                TIM6_DAC_IRQHandler
                0x0000000008002780                EXTI2_3_IRQHandler
                0x0000000008002780                I2C2_IRQHandler
                0x0000000008002780                TIM17_IRQHandler
                0x0000000008002780                CEC_CAN_IRQHandler
                0x0000000008002780                RTC_IRQHandler
                0x0000000008002780                TIM16_IRQHandler
                0x0000000008002780                TIM3_IRQHandler
                0x0000000008002780                EXTI4_15_IRQHandler
                0x0000000008002780                Default_Handler
                0x0000000008002780                TIM14_IRQHandler
                0x0000000008002780                DMA1_Channel4_5_IRQHandler
                0x0000000008002780                TIM15_IRQHandler
                0x0000000008002780                EXTI0_1_IRQHandler
                0x0000000008002780                SPI2_IRQHandler
                0x0000000008002780                WWDG_IRQHandler
                0x0000000008002780                TIM2_IRQHandler
                0x0000000008002780                DMA1_Channel2_3_IRQHandler
                0x0000000008002780                USART2_IRQHandler
                0x0000000008002780                FLASH_IRQHandler
                0x0000000008002780                TIM1_CC_IRQHandler
 *fill*         0x0000000008002782        0x2 
 .text.__libc_init_array
                0x0000000008002784       0x4c /Applications/Ac6/SystemWorkbench.app/Contents/Eclipse/plugins/fr.ac6.mcu.externaltools.arm-none.macos64_1.13.1.201703061524/tools/compiler/bin/../lib/gcc/arm-none-eabi/5.4.1/../../../../arm-none-eabi/lib/armv6-m/libc_nano.a(lib_a-init.o)
                0x0000000008002784                __libc_init_array
 .text.memcpy   0x00000000080027d0       0x12 /Applications/Ac6/SystemWorkbench.app/Contents/Eclipse/plugins/fr.ac6.mcu.externaltools.arm-none.macos64_1.13.1.201703061524/tools/compiler/bin/../lib/gcc/arm-none-eabi/5.4.1/../../../../arm-none-eabi/lib/armv6-m/libc_nano.a(lib_a-memcpy-stub.o)
                0x00000000080027d0                memcpy
 .text.strcasestr
                0x00000000080027e2       0x68 /Applications/Ac6/SystemWorkbench.app/Contents/Eclipse/plugins/fr.ac6.mcu.externaltools.arm-none.macos64_1.13.1.201703061524/tools/compiler/bin/../lib/gcc/arm-none-eabi/5.4.1/../../../../arm-none-eabi/lib/armv6-m/libc_nano.a(lib_a-strcasestr.o)
                0x00000000080027e2                strcasestr
 .text.strcat   0x000000000800284a       0x1a /Applications/Ac6/SystemWorkbench.app/Contents/Eclipse/plugins/fr.ac6.mcu.externaltools.arm-none.macos64_1.13.1.201703061524/tools/compiler/bin/../lib/gcc/arm-none-eabi/5.4.1/../../../../arm-none-eabi/lib/armv6-m/libc_nano.a(lib_a-strcat.o)
                0x000000000800284a                strcat
 .text.strncasecmp
                0x0000000008002864       0x48 /Applications/Ac6/SystemWorkbench.app/Contents/Eclipse/plugins/fr.ac6.mcu.externaltools.arm-none.macos64_1.13.1.201703061524/tools/compiler/bin/../lib/gcc/arm-none-eabi/5.4.1/../../../../arm-none-eabi/lib/armv6-m/libc_nano.a(lib_a-strncasecmp.o)
                0x0000000008002864                strncasecmp
 .text.strstr   0x00000000080028ac       0x36 /Applications/Ac6/SystemWorkbench.app/Contents/Eclipse/plugins/fr.ac6.mcu.externaltools.arm-none.macos64_1.13.1.201703061524/tools/compiler/bin/../lib/gcc/arm-none-eabi/5.4.1/../../../../arm-none-eabi/lib/armv6-m/libc_nano.a(lib_a-strstr.o)
                0x00000000080028ac                strstr
 *fill*         0x00000000080028e2        0x2 
 .text.__get_current_locale
                0x00000000080028e4       0x18 /Applications/Ac6/SystemWorkbench.app/Contents/Eclipse/plugins/fr.ac6.mcu.externaltools.arm-none.macos64_1.13.1.201703061524/tools/compiler/bin/../lib/gcc/arm-none-eabi/5.4.1/../../../../arm-none-eabi/lib/armv6-m/libc_nano.a(lib_a-locale.o)
 .text.__locale_ctype_ptr
                0x00000000080028fc       0x14 /Applications/Ac6/SystemWorkbench.app/Contents/Eclipse/plugins/fr.ac6.mcu.externaltools.arm-none.macos64_1.13.1.201703061524/tools/compiler/bin/../lib/gcc/arm-none-eabi/5.4.1/../../../../arm-none-eabi/lib/armv6-m/libc_nano.a(lib_a-locale.o)
                0x00000000080028fc                __locale_ctype_ptr
 .text.__ascii_mbtowc
                0x0000000008002910       0x24 /Applications/Ac6/SystemWorkbench.app/Contents/Eclipse/plugins/fr.ac6.mcu.externaltools.arm-none.macos64_1.13.1.201703061524/tools/compiler/bin/../lib/gcc/arm-none-eabi/5.4.1/../../../../arm-none-eabi/lib/armv6-m/libc_nano.a(lib_a-mbtowc_r.o)
                0x0000000008002910                __ascii_mbtowc
 .text.__ascii_wctomb
                0x0000000008002934       0x18 /Applications/Ac6/SystemWorkbench.app/Contents/Eclipse/plugins/fr.ac6.mcu.externaltools.arm-none.macos64_1.13.1.201703061524/tools/compiler/bin/../lib/gcc/arm-none-eabi/5.4.1/../../../../arm-none-eabi/lib/armv6-m/libc_nano.a(lib_a-wctomb_r.o)
                0x0000000008002934                __ascii_wctomb
 *(.glue_7)
 .glue_7        0x000000000800294c        0x0 linker stubs
 *(.glue_7t)
 .glue_7t       0x000000000800294c        0x0 linker stubs
 *(.eh_frame)
 .eh_frame      0x000000000800294c        0x0 /Applications/Ac6/SystemWorkbench.app/Contents/Eclipse/plugins/fr.ac6.mcu.externaltools.arm-none.macos64_1.13.1.201703061524/tools/compiler/bin/../lib/gcc/arm-none-eabi/5.4.1/armv6-m/crtbegin.o
 *(.init)
 .init          0x000000000800294c        0x4 /Applications/Ac6/SystemWorkbench.app/Contents/Eclipse/plugins/fr.ac6.mcu.externaltools.arm-none.macos64_1.13.1.201703061524/tools/compiler/bin/../lib/gcc/arm-none-eabi/5.4.1/armv6-m/crti.o
                0x000000000800294c                _init
 .init          0x0000000008002950        0x8 /Applications/Ac6/SystemWorkbench.app/Contents/Eclipse/plugins/fr.ac6.mcu.externaltools.arm-none.macos64_1.13.1.201703061524/tools/compiler/bin/../lib/gcc/arm-none-eabi/5.4.1/armv6-m/crtn.o
 *(.fini)
 .fini          0x0000000008002958        0x4 /Applications/Ac6/SystemWorkbench.app/Contents/Eclipse/plugins/fr.ac6.mcu.externaltools.arm-none.macos64_1.13.1.201703061524/tools/compiler/bin/../lib/gcc/arm-none-eabi/5.4.1/armv6-m/crti.o
                0x0000000008002958                _fini
 .fini          0x000000000800295c        0x8 /Applications/Ac6/SystemWorkbench.app/Contents/Eclipse/plugins/fr.ac6.mcu.externaltools.arm-none.macos64_1.13.1.201703061524/tools/compiler/bin/../lib/gcc/arm-none-eabi/5.4.1/armv6-m/crtn.o
                0x0000000008002964                . = ALIGN (0x4)
                0x0000000008002964                _etext = .

.vfp11_veneer   0x0000000008002964        0x0
 .vfp11_veneer  0x0000000008002964        0x0 linker stubs

.v4_bx          0x0000000008002964        0x0
 .v4_bx         0x0000000008002964        0x0 linker stubs

.iplt           0x0000000008002964        0x0
 .iplt          0x0000000008002964        0x0 /Applications/Ac6/SystemWorkbench.app/Contents/Eclipse/plugins/fr.ac6.mcu.externaltools.arm-none.macos64_1.13.1.201703061524/tools/compiler/bin/../lib/gcc/arm-none-eabi/5.4.1/armv6-m/crtbegin.o

.rodata         0x0000000008002964      0x258
                0x0000000008002964                . = ALIGN (0x4)
 *(.rodata)
 .rodata        0x0000000008002964       0x20 Drivers/STM32F0xx_HAL_Driver/Src/stm32f0xx_hal_rcc.o
 .rodata        0x0000000008002984       0x18 Src/system_stm32f0xx.o
                0x0000000008002984                AHBPrescTable
                0x0000000008002994                APBPrescTable
 *(.rodata*)
 .rodata.str1.4
                0x000000000800299c        0xd Src/adc.o
 *fill*         0x00000000080029a9        0x3 
 .rodata.str1.4
                0x00000000080029ac        0xd Src/i2c.o
 *fill*         0x00000000080029b9        0x3 
 .rodata.str1.4
                0x00000000080029bc       0xd2 Src/main.o
 *fill*         0x0000000008002a8e        0x2 
 .rodata.str1.4
                0x0000000008002a90        0xd Src/tsc.o
 *fill*         0x0000000008002a9d        0x3 
 .rodata.str1.4
                0x0000000008002aa0       0x10 Src/usart.o
                                          0xf (size before relaxing)
 .rodata.str1.1
                0x0000000008002ab0        0xa /Applications/Ac6/SystemWorkbench.app/Contents/Eclipse/plugins/fr.ac6.mcu.externaltools.arm-none.macos64_1.13.1.201703061524/tools/compiler/bin/../lib/gcc/arm-none-eabi/5.4.1/../../../../arm-none-eabi/lib/armv6-m/libc_nano.a(lib_a-locale.o)
                                          0xb (size before relaxing)
 .rodata._ctype_
                0x0000000008002aba      0x101 /Applications/Ac6/SystemWorkbench.app/Contents/Eclipse/plugins/fr.ac6.mcu.externaltools.arm-none.macos64_1.13.1.201703061524/tools/compiler/bin/../lib/gcc/arm-none-eabi/5.4.1/../../../../arm-none-eabi/lib/armv6-m/libc_nano.a(lib_a-ctype_.o)
                0x0000000008002aba                _ctype_
                0x0000000008002bbc                . = ALIGN (0x4)
 *fill*         0x0000000008002bbb        0x1 

.rel.dyn        0x0000000008002bbc        0x0
 .rel.iplt      0x0000000008002bbc        0x0 /Applications/Ac6/SystemWorkbench.app/Contents/Eclipse/plugins/fr.ac6.mcu.externaltools.arm-none.macos64_1.13.1.201703061524/tools/compiler/bin/../lib/gcc/arm-none-eabi/5.4.1/armv6-m/crtbegin.o

.ARM.extab
 *(.ARM.extab* .gnu.linkonce.armextab.*)

.ARM            0x0000000008002bbc        0x0
                0x0000000008002bbc                __exidx_start = .
 *(.ARM.exidx*)
                0x0000000008002bbc                __exidx_end = .

.preinit_array  0x0000000008002bbc        0x0
                0x0000000008002bbc                PROVIDE (__preinit_array_start, .)
 *(.preinit_array*)
                0x0000000008002bbc                PROVIDE (__preinit_array_end, .)

.init_array     0x0000000008002bbc        0x4
                0x0000000008002bbc                PROVIDE (__init_array_start, .)
 *(SORT(.init_array.*))
 *(.init_array*)
 .init_array    0x0000000008002bbc        0x4 /Applications/Ac6/SystemWorkbench.app/Contents/Eclipse/plugins/fr.ac6.mcu.externaltools.arm-none.macos64_1.13.1.201703061524/tools/compiler/bin/../lib/gcc/arm-none-eabi/5.4.1/armv6-m/crtbegin.o
                0x0000000008002bc0                PROVIDE (__init_array_end, .)

.fini_array     0x0000000008002bc0        0x4
                [!provide]                        PROVIDE (__fini_array_start, .)
 *(SORT(.fini_array.*))
 *(.fini_array*)
 .fini_array    0x0000000008002bc0        0x4 /Applications/Ac6/SystemWorkbench.app/Contents/Eclipse/plugins/fr.ac6.mcu.externaltools.arm-none.macos64_1.13.1.201703061524/tools/compiler/bin/../lib/gcc/arm-none-eabi/5.4.1/armv6-m/crtbegin.o
                [!provide]                        PROVIDE (__fini_array_end, .)
                0x0000000008002bc4                _sidata = LOADADDR (.data)

.data           0x0000000020000000      0x1dc load address 0x0000000008002bc4
                0x0000000020000000                . = ALIGN (0x4)
                0x0000000020000000                _sdata = .
 *(.data)
 .data          0x0000000020000000        0x8 Src/main.o
                0x0000000020000000                pir1
                0x0000000020000004                tim
 .data          0x0000000020000008        0x4 Src/system_stm32f0xx.o
                0x0000000020000008                SystemCoreClock
 *(.data*)
 .data.impure_data
                0x000000002000000c       0x60 /Applications/Ac6/SystemWorkbench.app/Contents/Eclipse/plugins/fr.ac6.mcu.externaltools.arm-none.macos64_1.13.1.201703061524/tools/compiler/bin/../lib/gcc/arm-none-eabi/5.4.1/../../../../arm-none-eabi/lib/armv6-m/libc_nano.a(lib_a-impure.o)
 .data._impure_ptr
                0x000000002000006c        0x4 /Applications/Ac6/SystemWorkbench.app/Contents/Eclipse/plugins/fr.ac6.mcu.externaltools.arm-none.macos64_1.13.1.201703061524/tools/compiler/bin/../lib/gcc/arm-none-eabi/5.4.1/../../../../arm-none-eabi/lib/armv6-m/libc_nano.a(lib_a-impure.o)
                0x000000002000006c                _impure_ptr
 .data.__global_locale
                0x0000000020000070      0x16c /Applications/Ac6/SystemWorkbench.app/Contents/Eclipse/plugins/fr.ac6.mcu.externaltools.arm-none.macos64_1.13.1.201703061524/tools/compiler/bin/../lib/gcc/arm-none-eabi/5.4.1/../../../../arm-none-eabi/lib/armv6-m/libc_nano.a(lib_a-locale.o)
                0x0000000020000070                __global_locale
                0x00000000200001dc                . = ALIGN (0x4)
                0x00000000200001dc                _edata = .

.jcr            0x00000000200001dc        0x0 load address 0x0000000008002da0
 .jcr           0x00000000200001dc        0x0 /Applications/Ac6/SystemWorkbench.app/Contents/Eclipse/plugins/fr.ac6.mcu.externaltools.arm-none.macos64_1.13.1.201703061524/tools/compiler/bin/../lib/gcc/arm-none-eabi/5.4.1/armv6-m/crtbegin.o

.igot.plt       0x00000000200001dc        0x0 load address 0x0000000008002da0
 .igot.plt      0x00000000200001dc        0x0 /Applications/Ac6/SystemWorkbench.app/Contents/Eclipse/plugins/fr.ac6.mcu.externaltools.arm-none.macos64_1.13.1.201703061524/tools/compiler/bin/../lib/gcc/arm-none-eabi/5.4.1/armv6-m/crtbegin.o
                0x00000000200001dc                . = ALIGN (0x4)

.bss            0x00000000200001dc      0x344 load address 0x0000000008002da0
                0x00000000200001dc                _sbss = .
                0x00000000200001dc                __bss_start__ = _sbss
 *(.bss)
 .bss           0x00000000200001dc       0x1c /Applications/Ac6/SystemWorkbench.app/Contents/Eclipse/plugins/fr.ac6.mcu.externaltools.arm-none.macos64_1.13.1.201703061524/tools/compiler/bin/../lib/gcc/arm-none-eabi/5.4.1/armv6-m/crtbegin.o
 .bss           0x00000000200001f8       0x24 Src/main.o
                0x00000000200001f8                sms
                0x00000000200001fc                NSW
                0x0000000020000200                smsOn
                0x0000000020000204                SW
                0x0000000020000208                smsOff
                0x000000002000020c                chC
                0x0000000020000210                numberDitect
                0x0000000020000214                TC
                0x0000000020000218                c
 *(.bss*)
 *(COMMON)
 COMMON         0x000000002000021c        0x4 Drivers/STM32F0xx_HAL_Driver/Src/stm32f0xx_hal.o
                0x000000002000021c                uwTick
 COMMON         0x0000000020000220       0x90 Src/adc.o
                0x0000000020000220                hdma_adc
                0x0000000020000264                hadc
 COMMON         0x00000000200002b0       0x4c Src/i2c.o
                0x00000000200002b0                hi2c2
 COMMON         0x00000000200002fc      0x104 Src/main.o
                0x00000000200002fc                in
                0x0000000020000300                ch
                0x00000000200003fc                adcData
 COMMON         0x0000000020000400       0x40 Src/tsc.o
                0x0000000020000400                htsc
 COMMON         0x0000000020000440       0xe0 Src/usart.o
                0x0000000020000440                huart1
                0x00000000200004b0                huart2
                0x0000000020000520                . = ALIGN (0x4)
                0x0000000020000520                _ebss = .
                0x0000000020000520                __bss_end__ = _ebss

._user_heap_stack
                0x0000000020000520      0x600 load address 0x0000000008002da0
                0x0000000020000520                . = ALIGN (0x8)
                [!provide]                        PROVIDE (end, .)
                [!provide]                        PROVIDE (_end, .)
                0x0000000020000720                . = (. + _Min_Heap_Size)
 *fill*         0x0000000020000520      0x200 
                0x0000000020000b20                . = (. + _Min_Stack_Size)
 *fill*         0x0000000020000720      0x400 
                0x0000000020000b20                . = ALIGN (0x8)

/DISCARD/
 libc.a(*)
 libm.a(*)
 libgcc.a(*)

.ARM.attributes
                0x0000000000000000       0x28
 *(.ARM.attributes)
 .ARM.attributes
                0x0000000000000000       0x1e /Applications/Ac6/SystemWorkbench.app/Contents/Eclipse/plugins/fr.ac6.mcu.externaltools.arm-none.macos64_1.13.1.201703061524/tools/compiler/bin/../lib/gcc/arm-none-eabi/5.4.1/armv6-m/crti.o
 .ARM.attributes
                0x000000000000001e       0x2c /Applications/Ac6/SystemWorkbench.app/Contents/Eclipse/plugins/fr.ac6.mcu.externaltools.arm-none.macos64_1.13.1.201703061524/tools/compiler/bin/../lib/gcc/arm-none-eabi/5.4.1/armv6-m/crtbegin.o
 .ARM.attributes
                0x000000000000004a       0x31 Drivers/STM32F0xx_HAL_Driver/Src/stm32f0xx_hal.o
 .ARM.attributes
                0x000000000000007b       0x31 Drivers/STM32F0xx_HAL_Driver/Src/stm32f0xx_hal_adc.o
 .ARM.attributes
                0x00000000000000ac       0x31 Drivers/STM32F0xx_HAL_Driver/Src/stm32f0xx_hal_cortex.o
 .ARM.attributes
                0x00000000000000dd       0x31 Drivers/STM32F0xx_HAL_Driver/Src/stm32f0xx_hal_dma.o
 .ARM.attributes
                0x000000000000010e       0x31 Drivers/STM32F0xx_HAL_Driver/Src/stm32f0xx_hal_gpio.o
 .ARM.attributes
                0x000000000000013f       0x31 Drivers/STM32F0xx_HAL_Driver/Src/stm32f0xx_hal_i2c.o
 .ARM.attributes
                0x0000000000000170       0x31 Drivers/STM32F0xx_HAL_Driver/Src/stm32f0xx_hal_i2c_ex.o
 .ARM.attributes
                0x00000000000001a1       0x31 Drivers/STM32F0xx_HAL_Driver/Src/stm32f0xx_hal_rcc.o
 .ARM.attributes
                0x00000000000001d2       0x31 Drivers/STM32F0xx_HAL_Driver/Src/stm32f0xx_hal_rcc_ex.o
 .ARM.attributes
                0x0000000000000203       0x31 Drivers/STM32F0xx_HAL_Driver/Src/stm32f0xx_hal_tsc.o
 .ARM.attributes
                0x0000000000000234       0x31 Drivers/STM32F0xx_HAL_Driver/Src/stm32f0xx_hal_uart.o
 .ARM.attributes
                0x0000000000000265       0x31 Drivers/STM32F0xx_HAL_Driver/Src/stm32f0xx_hal_uart_ex.o
 .ARM.attributes
                0x0000000000000296       0x31 Src/adc.o
 .ARM.attributes
                0x00000000000002c7       0x31 Src/dma.o
 .ARM.attributes
                0x00000000000002f8       0x31 Src/gpio.o
 .ARM.attributes
                0x0000000000000329       0x31 Src/i2c.o
 .ARM.attributes
                0x000000000000035a       0x31 Src/main.o
 .ARM.attributes
                0x000000000000038b       0x31 Src/stm32f0xx_hal_msp.o
 .ARM.attributes
                0x00000000000003bc       0x31 Src/stm32f0xx_it.o
 .ARM.attributes
                0x00000000000003ed       0x31 Src/system_stm32f0xx.o
 .ARM.attributes
                0x000000000000041e       0x31 Src/tsc.o
 .ARM.attributes
                0x000000000000044f       0x31 Src/usart.o
 .ARM.attributes
                0x0000000000000480       0x21 startup/startup_stm32f051x8.o
 .ARM.attributes
                0x00000000000004a1       0x1e /Applications/Ac6/SystemWorkbench.app/Contents/Eclipse/plugins/fr.ac6.mcu.externaltools.arm-none.macos64_1.13.1.201703061524/tools/compiler/bin/../lib/gcc/arm-none-eabi/5.4.1/armv6-m/libgcc.a(_udivsi3.o)
 .ARM.attributes
                0x00000000000004bf       0x1e /Applications/Ac6/SystemWorkbench.app/Contents/Eclipse/plugins/fr.ac6.mcu.externaltools.arm-none.macos64_1.13.1.201703061524/tools/compiler/bin/../lib/gcc/arm-none-eabi/5.4.1/armv6-m/libgcc.a(_dvmd_tls.o)
 .ARM.attributes
                0x00000000000004dd       0x2c /Applications/Ac6/SystemWorkbench.app/Contents/Eclipse/plugins/fr.ac6.mcu.externaltools.arm-none.macos64_1.13.1.201703061524/tools/compiler/bin/../lib/gcc/arm-none-eabi/5.4.1/../../../../arm-none-eabi/lib/armv6-m/libc_nano.a(lib_a-impure.o)
 .ARM.attributes
                0x0000000000000509       0x2c /Applications/Ac6/SystemWorkbench.app/Contents/Eclipse/plugins/fr.ac6.mcu.externaltools.arm-none.macos64_1.13.1.201703061524/tools/compiler/bin/../lib/gcc/arm-none-eabi/5.4.1/../../../../arm-none-eabi/lib/armv6-m/libc_nano.a(lib_a-init.o)
 .ARM.attributes
                0x0000000000000535       0x2c /Applications/Ac6/SystemWorkbench.app/Contents/Eclipse/plugins/fr.ac6.mcu.externaltools.arm-none.macos64_1.13.1.201703061524/tools/compiler/bin/../lib/gcc/arm-none-eabi/5.4.1/../../../../arm-none-eabi/lib/armv6-m/libc_nano.a(lib_a-memcpy-stub.o)
 .ARM.attributes
                0x0000000000000561       0x2c /Applications/Ac6/SystemWorkbench.app/Contents/Eclipse/plugins/fr.ac6.mcu.externaltools.arm-none.macos64_1.13.1.201703061524/tools/compiler/bin/../lib/gcc/arm-none-eabi/5.4.1/../../../../arm-none-eabi/lib/armv6-m/libc_nano.a(lib_a-strcasestr.o)
 .ARM.attributes
                0x000000000000058d       0x2c /Applications/Ac6/SystemWorkbench.app/Contents/Eclipse/plugins/fr.ac6.mcu.externaltools.arm-none.macos64_1.13.1.201703061524/tools/compiler/bin/../lib/gcc/arm-none-eabi/5.4.1/../../../../arm-none-eabi/lib/armv6-m/libc_nano.a(lib_a-strcat.o)
 .ARM.attributes
                0x00000000000005b9       0x1c /Applications/Ac6/SystemWorkbench.app/Contents/Eclipse/plugins/fr.ac6.mcu.externaltools.arm-none.macos64_1.13.1.201703061524/tools/compiler/bin/../lib/gcc/arm-none-eabi/5.4.1/../../../../arm-none-eabi/lib/armv6-m/libc_nano.a(lib_a-strlen.o)
 .ARM.attributes
                0x00000000000005d5       0x2c /Applications/Ac6/SystemWorkbench.app/Contents/Eclipse/plugins/fr.ac6.mcu.externaltools.arm-none.macos64_1.13.1.201703061524/tools/compiler/bin/../lib/gcc/arm-none-eabi/5.4.1/../../../../arm-none-eabi/lib/armv6-m/libc_nano.a(lib_a-strncasecmp.o)
 .ARM.attributes
                0x0000000000000601       0x2c /Applications/Ac6/SystemWorkbench.app/Contents/Eclipse/plugins/fr.ac6.mcu.externaltools.arm-none.macos64_1.13.1.201703061524/tools/compiler/bin/../lib/gcc/arm-none-eabi/5.4.1/../../../../arm-none-eabi/lib/armv6-m/libc_nano.a(lib_a-strstr.o)
 .ARM.attributes
                0x000000000000062d       0x2c /Applications/Ac6/SystemWorkbench.app/Contents/Eclipse/plugins/fr.ac6.mcu.externaltools.arm-none.macos64_1.13.1.201703061524/tools/compiler/bin/../lib/gcc/arm-none-eabi/5.4.1/../../../../arm-none-eabi/lib/armv6-m/libc_nano.a(lib_a-locale.o)
 .ARM.attributes
                0x0000000000000659       0x2c /Applications/Ac6/SystemWorkbench.app/Contents/Eclipse/plugins/fr.ac6.mcu.externaltools.arm-none.macos64_1.13.1.201703061524/tools/compiler/bin/../lib/gcc/arm-none-eabi/5.4.1/../../../../arm-none-eabi/lib/armv6-m/libc_nano.a(lib_a-mbtowc_r.o)
 .ARM.attributes
                0x0000000000000685       0x2c /Applications/Ac6/SystemWorkbench.app/Contents/Eclipse/plugins/fr.ac6.mcu.externaltools.arm-none.macos64_1.13.1.201703061524/tools/compiler/bin/../lib/gcc/arm-none-eabi/5.4.1/../../../../arm-none-eabi/lib/armv6-m/libc_nano.a(lib_a-wctomb_r.o)
 .ARM.attributes
                0x00000000000006b1       0x2c /Applications/Ac6/SystemWorkbench.app/Contents/Eclipse/plugins/fr.ac6.mcu.externaltools.arm-none.macos64_1.13.1.201703061524/tools/compiler/bin/../lib/gcc/arm-none-eabi/5.4.1/../../../../arm-none-eabi/lib/armv6-m/libc_nano.a(lib_a-ctype_.o)
 .ARM.attributes
                0x00000000000006dd       0x1e /Applications/Ac6/SystemWorkbench.app/Contents/Eclipse/plugins/fr.ac6.mcu.externaltools.arm-none.macos64_1.13.1.201703061524/tools/compiler/bin/../lib/gcc/arm-none-eabi/5.4.1/armv6-m/crtn.o
OUTPUT(BuglarAlarmV2.elf elf32-littlearm)

.debug_info     0x0000000000000000     0xe7a1
 .debug_info    0x0000000000000000      0x603 Drivers/STM32F0xx_HAL_Driver/Src/stm32f0xx_hal.o
 .debug_info    0x0000000000000603      0xe09 Drivers/STM32F0xx_HAL_Driver/Src/stm32f0xx_hal_adc.o
 .debug_info    0x000000000000140c      0x779 Drivers/STM32F0xx_HAL_Driver/Src/stm32f0xx_hal_cortex.o
 .debug_info    0x0000000000001b85      0x7d7 Drivers/STM32F0xx_HAL_Driver/Src/stm32f0xx_hal_dma.o
 .debug_info    0x000000000000235c      0x5e8 Drivers/STM32F0xx_HAL_Driver/Src/stm32f0xx_hal_gpio.o
 .debug_info    0x0000000000002944     0x3143 Drivers/STM32F0xx_HAL_Driver/Src/stm32f0xx_hal_i2c.o
 .debug_info    0x0000000000005a87      0x82d Drivers/STM32F0xx_HAL_Driver/Src/stm32f0xx_hal_i2c_ex.o
 .debug_info    0x00000000000062b4      0x983 Drivers/STM32F0xx_HAL_Driver/Src/stm32f0xx_hal_rcc.o
 .debug_info    0x0000000000006c37      0x3ac Drivers/STM32F0xx_HAL_Driver/Src/stm32f0xx_hal_rcc_ex.o
 .debug_info    0x0000000000006fe3      0x757 Drivers/STM32F0xx_HAL_Driver/Src/stm32f0xx_hal_tsc.o
 .debug_info    0x000000000000773a     0x1825 Drivers/STM32F0xx_HAL_Driver/Src/stm32f0xx_hal_uart.o
 .debug_info    0x0000000000008f5f      0x98e Drivers/STM32F0xx_HAL_Driver/Src/stm32f0xx_hal_uart_ex.o
 .debug_info    0x00000000000098ed      0x8fc Src/adc.o
 .debug_info    0x000000000000a1e9      0x2b8 Src/dma.o
 .debug_info    0x000000000000a4a1      0x444 Src/gpio.o
 .debug_info    0x000000000000a8e5      0x934 Src/i2c.o
 .debug_info    0x000000000000b219     0x1824 Src/main.o
 .debug_info    0x000000000000ca3d      0x2d7 Src/stm32f0xx_hal_msp.o
 .debug_info    0x000000000000cd14      0x6b3 Src/stm32f0xx_it.o
 .debug_info    0x000000000000d3c7      0x24b Src/system_stm32f0xx.o
 .debug_info    0x000000000000d612      0x65b Src/tsc.o
 .debug_info    0x000000000000dc6d      0xac5 Src/usart.o
 .debug_info    0x000000000000e732       0x6f startup/startup_stm32f051x8.o

.debug_abbrev   0x0000000000000000     0x268f
 .debug_abbrev  0x0000000000000000      0x1f7 Drivers/STM32F0xx_HAL_Driver/Src/stm32f0xx_hal.o
 .debug_abbrev  0x00000000000001f7      0x23c Drivers/STM32F0xx_HAL_Driver/Src/stm32f0xx_hal_adc.o
 .debug_abbrev  0x0000000000000433      0x257 Drivers/STM32F0xx_HAL_Driver/Src/stm32f0xx_hal_cortex.o
 .debug_abbrev  0x000000000000068a      0x1fb Drivers/STM32F0xx_HAL_Driver/Src/stm32f0xx_hal_dma.o
 .debug_abbrev  0x0000000000000885      0x1d4 Drivers/STM32F0xx_HAL_Driver/Src/stm32f0xx_hal_gpio.o
 .debug_abbrev  0x0000000000000a59      0x213 Drivers/STM32F0xx_HAL_Driver/Src/stm32f0xx_hal_i2c.o
 .debug_abbrev  0x0000000000000c6c      0x1aa Drivers/STM32F0xx_HAL_Driver/Src/stm32f0xx_hal_i2c_ex.o
 .debug_abbrev  0x0000000000000e16      0x231 Drivers/STM32F0xx_HAL_Driver/Src/stm32f0xx_hal_rcc.o
 .debug_abbrev  0x0000000000001047      0x17d Drivers/STM32F0xx_HAL_Driver/Src/stm32f0xx_hal_rcc_ex.o
 .debug_abbrev  0x00000000000011c4      0x1cf Drivers/STM32F0xx_HAL_Driver/Src/stm32f0xx_hal_tsc.o
 .debug_abbrev  0x0000000000001393      0x1f4 Drivers/STM32F0xx_HAL_Driver/Src/stm32f0xx_hal_uart.o
 .debug_abbrev  0x0000000000001587      0x1e9 Drivers/STM32F0xx_HAL_Driver/Src/stm32f0xx_hal_uart_ex.o
 .debug_abbrev  0x0000000000001770      0x1a2 Src/adc.o
 .debug_abbrev  0x0000000000001912      0x103 Src/dma.o
 .debug_abbrev  0x0000000000001a15      0x137 Src/gpio.o
 .debug_abbrev  0x0000000000001b4c      0x1a2 Src/i2c.o
 .debug_abbrev  0x0000000000001cee      0x312 Src/main.o
 .debug_abbrev  0x0000000000002000      0x103 Src/stm32f0xx_hal_msp.o
 .debug_abbrev  0x0000000000002103      0x176 Src/stm32f0xx_it.o
 .debug_abbrev  0x0000000000002279       0xf3 Src/system_stm32f0xx.o
 .debug_abbrev  0x000000000000236c      0x171 Src/tsc.o
 .debug_abbrev  0x00000000000024dd      0x1a0 Src/usart.o
 .debug_abbrev  0x000000000000267d       0x12 startup/startup_stm32f051x8.o

.debug_loc      0x0000000000000000     0x780d
 .debug_loc     0x0000000000000000       0x7c Drivers/STM32F0xx_HAL_Driver/Src/stm32f0xx_hal.o
 .debug_loc     0x000000000000007c      0xbcc Drivers/STM32F0xx_HAL_Driver/Src/stm32f0xx_hal_adc.o
 .debug_loc     0x0000000000000c48      0x39b Drivers/STM32F0xx_HAL_Driver/Src/stm32f0xx_hal_cortex.o
 .debug_loc     0x0000000000000fe3      0x7da Drivers/STM32F0xx_HAL_Driver/Src/stm32f0xx_hal_dma.o
 .debug_loc     0x00000000000017bd      0x2bc Drivers/STM32F0xx_HAL_Driver/Src/stm32f0xx_hal_gpio.o
 .debug_loc     0x0000000000001a79     0x331a Drivers/STM32F0xx_HAL_Driver/Src/stm32f0xx_hal_i2c.o
 .debug_loc     0x0000000000004d93      0x245 Drivers/STM32F0xx_HAL_Driver/Src/stm32f0xx_hal_i2c_ex.o
 .debug_loc     0x0000000000004fd8      0x4c4 Drivers/STM32F0xx_HAL_Driver/Src/stm32f0xx_hal_rcc.o
 .debug_loc     0x000000000000549c      0x3dd Drivers/STM32F0xx_HAL_Driver/Src/stm32f0xx_hal_rcc_ex.o
 .debug_loc     0x0000000000005879      0x40b Drivers/STM32F0xx_HAL_Driver/Src/stm32f0xx_hal_tsc.o
 .debug_loc     0x0000000000005c84     0x1468 Drivers/STM32F0xx_HAL_Driver/Src/stm32f0xx_hal_uart.o
 .debug_loc     0x00000000000070ec      0x3d5 Drivers/STM32F0xx_HAL_Driver/Src/stm32f0xx_hal_uart_ex.o
 .debug_loc     0x00000000000074c1       0x58 Src/adc.o
 .debug_loc     0x0000000000007519       0x42 Src/i2c.o
 .debug_loc     0x000000000000755b       0xfe Src/main.o
 .debug_loc     0x0000000000007659       0xfe Src/system_stm32f0xx.o
 .debug_loc     0x0000000000007757       0x42 Src/tsc.o
 .debug_loc     0x0000000000007799       0x74 Src/usart.o

.debug_aranges  0x0000000000000000      0xb88
 .debug_aranges
                0x0000000000000000       0xb8 Drivers/STM32F0xx_HAL_Driver/Src/stm32f0xx_hal.o
 .debug_aranges
                0x00000000000000b8       0xf8 Drivers/STM32F0xx_HAL_Driver/Src/stm32f0xx_hal_adc.o
 .debug_aranges
                0x00000000000001b0       0x78 Drivers/STM32F0xx_HAL_Driver/Src/stm32f0xx_hal_cortex.o
 .debug_aranges
                0x0000000000000228       0x88 Drivers/STM32F0xx_HAL_Driver/Src/stm32f0xx_hal_dma.o
 .debug_aranges
                0x00000000000002b0       0x58 Drivers/STM32F0xx_HAL_Driver/Src/stm32f0xx_hal_gpio.o
 .debug_aranges
                0x0000000000000308      0x260 Drivers/STM32F0xx_HAL_Driver/Src/stm32f0xx_hal_i2c.o
 .debug_aranges
                0x0000000000000568       0x48 Drivers/STM32F0xx_HAL_Driver/Src/stm32f0xx_hal_i2c_ex.o
 .debug_aranges
                0x00000000000005b0       0x80 Drivers/STM32F0xx_HAL_Driver/Src/stm32f0xx_hal_rcc.o
 .debug_aranges
                0x0000000000000630       0x30 Drivers/STM32F0xx_HAL_Driver/Src/stm32f0xx_hal_rcc_ex.o
 .debug_aranges
                0x0000000000000660       0xa8 Drivers/STM32F0xx_HAL_Driver/Src/stm32f0xx_hal_tsc.o
 .debug_aranges
                0x0000000000000708      0x1d8 Drivers/STM32F0xx_HAL_Driver/Src/stm32f0xx_hal_uart.o
 .debug_aranges
                0x00000000000008e0       0x60 Drivers/STM32F0xx_HAL_Driver/Src/stm32f0xx_hal_uart_ex.o
 .debug_aranges
                0x0000000000000940       0x30 Src/adc.o
 .debug_aranges
                0x0000000000000970       0x20 Src/dma.o
 .debug_aranges
                0x0000000000000990       0x20 Src/gpio.o
 .debug_aranges
                0x00000000000009b0       0x30 Src/i2c.o
 .debug_aranges
                0x00000000000009e0       0x80 Src/main.o
 .debug_aranges
                0x0000000000000a60       0x20 Src/stm32f0xx_hal_msp.o
 .debug_aranges
                0x0000000000000a80       0x50 Src/stm32f0xx_it.o
 .debug_aranges
                0x0000000000000ad0       0x28 Src/system_stm32f0xx.o
 .debug_aranges
                0x0000000000000af8       0x30 Src/tsc.o
 .debug_aranges
                0x0000000000000b28       0x38 Src/usart.o
 .debug_aranges
                0x0000000000000b60       0x28 startup/startup_stm32f051x8.o

.debug_ranges   0x0000000000000000      0xa50
 .debug_ranges  0x0000000000000000       0xa8 Drivers/STM32F0xx_HAL_Driver/Src/stm32f0xx_hal.o
 .debug_ranges  0x00000000000000a8       0xe8 Drivers/STM32F0xx_HAL_Driver/Src/stm32f0xx_hal_adc.o
 .debug_ranges  0x0000000000000190       0x68 Drivers/STM32F0xx_HAL_Driver/Src/stm32f0xx_hal_cortex.o
 .debug_ranges  0x00000000000001f8       0x78 Drivers/STM32F0xx_HAL_Driver/Src/stm32f0xx_hal_dma.o
 .debug_ranges  0x0000000000000270       0x48 Drivers/STM32F0xx_HAL_Driver/Src/stm32f0xx_hal_gpio.o
 .debug_ranges  0x00000000000002b8      0x250 Drivers/STM32F0xx_HAL_Driver/Src/stm32f0xx_hal_i2c.o
 .debug_ranges  0x0000000000000508       0x38 Drivers/STM32F0xx_HAL_Driver/Src/stm32f0xx_hal_i2c_ex.o
 .debug_ranges  0x0000000000000540       0x88 Drivers/STM32F0xx_HAL_Driver/Src/stm32f0xx_hal_rcc.o
 .debug_ranges  0x00000000000005c8       0x38 Drivers/STM32F0xx_HAL_Driver/Src/stm32f0xx_hal_rcc_ex.o
 .debug_ranges  0x0000000000000600       0x98 Drivers/STM32F0xx_HAL_Driver/Src/stm32f0xx_hal_tsc.o
 .debug_ranges  0x0000000000000698      0x1c8 Drivers/STM32F0xx_HAL_Driver/Src/stm32f0xx_hal_uart.o
 .debug_ranges  0x0000000000000860       0x50 Drivers/STM32F0xx_HAL_Driver/Src/stm32f0xx_hal_uart_ex.o
 .debug_ranges  0x00000000000008b0       0x20 Src/adc.o
 .debug_ranges  0x00000000000008d0       0x10 Src/dma.o
 .debug_ranges  0x00000000000008e0       0x10 Src/gpio.o
 .debug_ranges  0x00000000000008f0       0x20 Src/i2c.o
 .debug_ranges  0x0000000000000910       0x70 Src/main.o
 .debug_ranges  0x0000000000000980       0x10 Src/stm32f0xx_hal_msp.o
 .debug_ranges  0x0000000000000990       0x40 Src/stm32f0xx_it.o
 .debug_ranges  0x00000000000009d0       0x18 Src/system_stm32f0xx.o
 .debug_ranges  0x00000000000009e8       0x20 Src/tsc.o
 .debug_ranges  0x0000000000000a08       0x28 Src/usart.o
 .debug_ranges  0x0000000000000a30       0x20 startup/startup_stm32f051x8.o

.debug_macro    0x0000000000000000    0x11e81
 .debug_macro   0x0000000000000000      0x32c Drivers/STM32F0xx_HAL_Driver/Src/stm32f0xx_hal.o
 .debug_macro   0x000000000000032c      0x832 Drivers/STM32F0xx_HAL_Driver/Src/stm32f0xx_hal.o
 .debug_macro   0x0000000000000b5e      0x124 Drivers/STM32F0xx_HAL_Driver/Src/stm32f0xx_hal.o
 .debug_macro   0x0000000000000c82       0xb1 Drivers/STM32F0xx_HAL_Driver/Src/stm32f0xx_hal.o
 .debug_macro   0x0000000000000d33       0x2e Drivers/STM32F0xx_HAL_Driver/Src/stm32f0xx_hal.o
 .debug_macro   0x0000000000000d61       0x22 Drivers/STM32F0xx_HAL_Driver/Src/stm32f0xx_hal.o
 .debug_macro   0x0000000000000d83       0x22 Drivers/STM32F0xx_HAL_Driver/Src/stm32f0xx_hal.o
 .debug_macro   0x0000000000000da5       0x87 Drivers/STM32F0xx_HAL_Driver/Src/stm32f0xx_hal.o
 .debug_macro   0x0000000000000e2c       0x44 Drivers/STM32F0xx_HAL_Driver/Src/stm32f0xx_hal.o
 .debug_macro   0x0000000000000e70       0xfd Drivers/STM32F0xx_HAL_Driver/Src/stm32f0xx_hal.o
 .debug_macro   0x0000000000000f6d       0x5e Drivers/STM32F0xx_HAL_Driver/Src/stm32f0xx_hal.o
 .debug_macro   0x0000000000000fcb      0x1df Drivers/STM32F0xx_HAL_Driver/Src/stm32f0xx_hal.o
 .debug_macro   0x00000000000011aa       0x34 Drivers/STM32F0xx_HAL_Driver/Src/stm32f0xx_hal.o
 .debug_macro   0x00000000000011de       0x26 Drivers/STM32F0xx_HAL_Driver/Src/stm32f0xx_hal.o
 .debug_macro   0x0000000000001204      0x30d Drivers/STM32F0xx_HAL_Driver/Src/stm32f0xx_hal.o
 .debug_macro   0x0000000000001511     0x8d15 Drivers/STM32F0xx_HAL_Driver/Src/stm32f0xx_hal.o
 .debug_macro   0x000000000000a226       0x3c Drivers/STM32F0xx_HAL_Driver/Src/stm32f0xx_hal.o
 .debug_macro   0x000000000000a262       0x52 Drivers/STM32F0xx_HAL_Driver/Src/stm32f0xx_hal.o
 .debug_macro   0x000000000000a2b4       0x35 Drivers/STM32F0xx_HAL_Driver/Src/stm32f0xx_hal.o
 .debug_macro   0x000000000000a2e9       0x9c Drivers/STM32F0xx_HAL_Driver/Src/stm32f0xx_hal.o
 .debug_macro   0x000000000000a385       0x16 Drivers/STM32F0xx_HAL_Driver/Src/stm32f0xx_hal.o
 .debug_macro   0x000000000000a39b       0x97 Drivers/STM32F0xx_HAL_Driver/Src/stm32f0xx_hal.o
 .debug_macro   0x000000000000a432      0x30d Drivers/STM32F0xx_HAL_Driver/Src/stm32f0xx_hal.o
 .debug_macro   0x000000000000a73f       0xfd Drivers/STM32F0xx_HAL_Driver/Src/stm32f0xx_hal.o
 .debug_macro   0x000000000000a83c       0x10 Drivers/STM32F0xx_HAL_Driver/Src/stm32f0xx_hal.o
 .debug_macro   0x000000000000a84c       0x52 Drivers/STM32F0xx_HAL_Driver/Src/stm32f0xx_hal.o
 .debug_macro   0x000000000000a89e       0x1f Drivers/STM32F0xx_HAL_Driver/Src/stm32f0xx_hal.o
 .debug_macro   0x000000000000a8bd       0x43 Drivers/STM32F0xx_HAL_Driver/Src/stm32f0xx_hal.o
 .debug_macro   0x000000000000a900       0x20 Drivers/STM32F0xx_HAL_Driver/Src/stm32f0xx_hal.o
 .debug_macro   0x000000000000a920      0x187 Drivers/STM32F0xx_HAL_Driver/Src/stm32f0xx_hal.o
 .debug_macro   0x000000000000aaa7       0x10 Drivers/STM32F0xx_HAL_Driver/Src/stm32f0xx_hal.o
 .debug_macro   0x000000000000aab7       0x1c Drivers/STM32F0xx_HAL_Driver/Src/stm32f0xx_hal.o
 .debug_macro   0x000000000000aad3       0x52 Drivers/STM32F0xx_HAL_Driver/Src/stm32f0xx_hal.o
 .debug_macro   0x000000000000ab25       0x40 Drivers/STM32F0xx_HAL_Driver/Src/stm32f0xx_hal.o
 .debug_macro   0x000000000000ab65       0x10 Drivers/STM32F0xx_HAL_Driver/Src/stm32f0xx_hal.o
 .debug_macro   0x000000000000ab75       0x40 Drivers/STM32F0xx_HAL_Driver/Src/stm32f0xx_hal.o
 .debug_macro   0x000000000000abb5       0xd7 Drivers/STM32F0xx_HAL_Driver/Src/stm32f0xx_hal.o
 .debug_macro   0x000000000000ac8c       0x16 Drivers/STM32F0xx_HAL_Driver/Src/stm32f0xx_hal.o
 .debug_macro   0x000000000000aca2      0x18b Drivers/STM32F0xx_HAL_Driver/Src/stm32f0xx_hal.o
 .debug_macro   0x000000000000ae2d       0x49 Drivers/STM32F0xx_HAL_Driver/Src/stm32f0xx_hal.o
 .debug_macro   0x000000000000ae76      0x92f Drivers/STM32F0xx_HAL_Driver/Src/stm32f0xx_hal.o
 .debug_macro   0x000000000000b7a5      0x252 Drivers/STM32F0xx_HAL_Driver/Src/stm32f0xx_hal.o
 .debug_macro   0x000000000000b9f7      0x13a Drivers/STM32F0xx_HAL_Driver/Src/stm32f0xx_hal.o
 .debug_macro   0x000000000000bb31      0x114 Drivers/STM32F0xx_HAL_Driver/Src/stm32f0xx_hal.o
 .debug_macro   0x000000000000bc45      0x1ed Drivers/STM32F0xx_HAL_Driver/Src/stm32f0xx_hal.o
 .debug_macro   0x000000000000be32       0x34 Drivers/STM32F0xx_HAL_Driver/Src/stm32f0xx_hal.o
 .debug_macro   0x000000000000be66       0x43 Drivers/STM32F0xx_HAL_Driver/Src/stm32f0xx_hal.o
 .debug_macro   0x000000000000bea9       0x28 Drivers/STM32F0xx_HAL_Driver/Src/stm32f0xx_hal.o
 .debug_macro   0x000000000000bed1      0x33d Drivers/STM32F0xx_HAL_Driver/Src/stm32f0xx_hal.o
 .debug_macro   0x000000000000c20e       0xd4 Drivers/STM32F0xx_HAL_Driver/Src/stm32f0xx_hal.o
 .debug_macro   0x000000000000c2e2       0xb6 Drivers/STM32F0xx_HAL_Driver/Src/stm32f0xx_hal.o
 .debug_macro   0x000000000000c398      0x199 Drivers/STM32F0xx_HAL_Driver/Src/stm32f0xx_hal.o
 .debug_macro   0x000000000000c531      0x202 Drivers/STM32F0xx_HAL_Driver/Src/stm32f0xx_hal.o
 .debug_macro   0x000000000000c733       0x61 Drivers/STM32F0xx_HAL_Driver/Src/stm32f0xx_hal.o
 .debug_macro   0x000000000000c794       0x90 Drivers/STM32F0xx_HAL_Driver/Src/stm32f0xx_hal.o
 .debug_macro   0x000000000000c824       0x4d Drivers/STM32F0xx_HAL_Driver/Src/stm32f0xx_hal.o
 .debug_macro   0x000000000000c871      0x114 Drivers/STM32F0xx_HAL_Driver/Src/stm32f0xx_hal.o
 .debug_macro   0x000000000000c985      0x46a Drivers/STM32F0xx_HAL_Driver/Src/stm32f0xx_hal.o
 .debug_macro   0x000000000000cdef      0x38a Drivers/STM32F0xx_HAL_Driver/Src/stm32f0xx_hal.o
 .debug_macro   0x000000000000d179      0x1f7 Drivers/STM32F0xx_HAL_Driver/Src/stm32f0xx_hal.o
 .debug_macro   0x000000000000d370      0x10d Drivers/STM32F0xx_HAL_Driver/Src/stm32f0xx_hal.o
 .debug_macro   0x000000000000d47d      0x32c Drivers/STM32F0xx_HAL_Driver/Src/stm32f0xx_hal_adc.o
 .debug_macro   0x000000000000d7a9      0x308 Drivers/STM32F0xx_HAL_Driver/Src/stm32f0xx_hal_cortex.o
 .debug_macro   0x000000000000dab1      0x308 Drivers/STM32F0xx_HAL_Driver/Src/stm32f0xx_hal_dma.o
 .debug_macro   0x000000000000ddb9      0x340 Drivers/STM32F0xx_HAL_Driver/Src/stm32f0xx_hal_gpio.o
 .debug_macro   0x000000000000e0f9      0x3d4 Drivers/STM32F0xx_HAL_Driver/Src/stm32f0xx_hal_i2c.o
 .debug_macro   0x000000000000e4cd      0x308 Drivers/STM32F0xx_HAL_Driver/Src/stm32f0xx_hal_i2c_ex.o
 .debug_macro   0x000000000000e7d5      0x31a Drivers/STM32F0xx_HAL_Driver/Src/stm32f0xx_hal_rcc.o
 .debug_macro   0x000000000000eaef      0x308 Drivers/STM32F0xx_HAL_Driver/Src/stm32f0xx_hal_rcc_ex.o
 .debug_macro   0x000000000000edf7      0x308 Drivers/STM32F0xx_HAL_Driver/Src/stm32f0xx_hal_tsc.o
 .debug_macro   0x000000000000f0ff      0x310 Drivers/STM32F0xx_HAL_Driver/Src/stm32f0xx_hal_uart.o
 .debug_macro   0x000000000000f40f      0x308 Drivers/STM32F0xx_HAL_Driver/Src/stm32f0xx_hal_uart_ex.o
 .debug_macro   0x000000000000f717      0x326 Src/adc.o
 .debug_macro   0x000000000000fa3d      0x312 Src/dma.o
 .debug_macro   0x000000000000fd4f      0x312 Src/gpio.o
 .debug_macro   0x0000000000010061      0x31c Src/i2c.o
 .debug_macro   0x000000000001037d      0x36c Src/main.o
 .debug_macro   0x00000000000106e9      0x83e Src/main.o
 .debug_macro   0x0000000000010f27      0x308 Src/stm32f0xx_hal_msp.o
 .debug_macro   0x000000000001122f      0x312 Src/stm32f0xx_it.o
 .debug_macro   0x0000000000011541      0x308 Src/system_stm32f0xx.o
 .debug_macro   0x0000000000011849      0x31c Src/tsc.o
 .debug_macro   0x0000000000011b65      0x31c Src/usart.o

.debug_line     0x0000000000000000     0xe7d4
 .debug_line    0x0000000000000000      0x9b9 Drivers/STM32F0xx_HAL_Driver/Src/stm32f0xx_hal.o
 .debug_line    0x00000000000009b9      0xd8f Drivers/STM32F0xx_HAL_Driver/Src/stm32f0xx_hal_adc.o
 .debug_line    0x0000000000001748      0x99e Drivers/STM32F0xx_HAL_Driver/Src/stm32f0xx_hal_cortex.o
 .debug_line    0x00000000000020e6      0xa7d Drivers/STM32F0xx_HAL_Driver/Src/stm32f0xx_hal_dma.o
 .debug_line    0x0000000000002b63      0x988 Drivers/STM32F0xx_HAL_Driver/Src/stm32f0xx_hal_gpio.o
 .debug_line    0x00000000000034eb     0x18c8 Drivers/STM32F0xx_HAL_Driver/Src/stm32f0xx_hal_i2c.o
 .debug_line    0x0000000000004db3      0x990 Drivers/STM32F0xx_HAL_Driver/Src/stm32f0xx_hal_i2c_ex.o
 .debug_line    0x0000000000005743      0xad9 Drivers/STM32F0xx_HAL_Driver/Src/stm32f0xx_hal_rcc.o
 .debug_line    0x000000000000621c      0x94c Drivers/STM32F0xx_HAL_Driver/Src/stm32f0xx_hal_rcc_ex.o
 .debug_line    0x0000000000006b68      0xacf Drivers/STM32F0xx_HAL_Driver/Src/stm32f0xx_hal_tsc.o
 .debug_line    0x0000000000007637     0x11be Drivers/STM32F0xx_HAL_Driver/Src/stm32f0xx_hal_uart.o
 .debug_line    0x00000000000087f5      0x9c3 Drivers/STM32F0xx_HAL_Driver/Src/stm32f0xx_hal_uart_ex.o
 .debug_line    0x00000000000091b8      0x897 Src/adc.o
 .debug_line    0x0000000000009a4f      0x838 Src/dma.o
 .debug_line    0x000000000000a287      0x85a Src/gpio.o
 .debug_line    0x000000000000aae1      0x87c Src/i2c.o
 .debug_line    0x000000000000b35d      0x9db Src/main.o
 .debug_line    0x000000000000bd38      0x83e Src/stm32f0xx_hal_msp.o
 .debug_line    0x000000000000c576      0x8b0 Src/stm32f0xx_it.o
 .debug_line    0x000000000000ce26      0x802 Src/system_stm32f0xx.o
 .debug_line    0x000000000000d628      0x882 Src/tsc.o
 .debug_line    0x000000000000deaa      0x8a7 Src/usart.o
 .debug_line    0x000000000000e751       0x83 startup/startup_stm32f051x8.o

.debug_str      0x0000000000000000    0x543f4
 .debug_str     0x0000000000000000    0x50d9c Drivers/STM32F0xx_HAL_Driver/Src/stm32f0xx_hal.o
                                      0x5103e (size before relaxing)
 .debug_str     0x0000000000050d9c      0x705 Drivers/STM32F0xx_HAL_Driver/Src/stm32f0xx_hal_adc.o
                                      0x51221 (size before relaxing)
 .debug_str     0x00000000000514a1      0x1d0 Drivers/STM32F0xx_HAL_Driver/Src/stm32f0xx_hal_cortex.o
                                      0x50eec (size before relaxing)
 .debug_str     0x0000000000051671      0x229 Drivers/STM32F0xx_HAL_Driver/Src/stm32f0xx_hal_dma.o
                                      0x50eee (size before relaxing)
 .debug_str     0x000000000005189a      0x28e Drivers/STM32F0xx_HAL_Driver/Src/stm32f0xx_hal_gpio.o
                                      0x50dac (size before relaxing)
 .debug_str     0x0000000000051b28      0xfec Drivers/STM32F0xx_HAL_Driver/Src/stm32f0xx_hal_i2c.o
                                      0x51d0c (size before relaxing)
 .debug_str     0x0000000000052b14       0xf3 Drivers/STM32F0xx_HAL_Driver/Src/stm32f0xx_hal_i2c_ex.o
                                      0x510ba (size before relaxing)
 .debug_str     0x0000000000052c07      0x349 Drivers/STM32F0xx_HAL_Driver/Src/stm32f0xx_hal_rcc.o
                                      0x50f55 (size before relaxing)
 .debug_str     0x0000000000052f50      0x139 Drivers/STM32F0xx_HAL_Driver/Src/stm32f0xx_hal_rcc_ex.o
                                      0x50ca3 (size before relaxing)
 .debug_str     0x0000000000053089      0x39e Drivers/STM32F0xx_HAL_Driver/Src/stm32f0xx_hal_tsc.o
                                      0x50eb3 (size before relaxing)
 .debug_str     0x0000000000053427      0x8e9 Drivers/STM32F0xx_HAL_Driver/Src/stm32f0xx_hal_uart.o
                                      0x516d2 (size before relaxing)
 .debug_str     0x0000000000053d10      0x177 Drivers/STM32F0xx_HAL_Driver/Src/stm32f0xx_hal_uart_ex.o
                                      0x51144 (size before relaxing)
 .debug_str     0x0000000000053e87       0x67 Src/adc.o
                                      0x50fa5 (size before relaxing)
 .debug_str     0x0000000000053eee       0x19 Src/dma.o
                                      0x50caf (size before relaxing)
 .debug_str     0x0000000000053f07       0x1b Src/gpio.o
                                      0x50b94 (size before relaxing)
 .debug_str     0x0000000000053f22       0x33 Src/i2c.o
                                      0x510be (size before relaxing)
 .debug_str     0x0000000000053f55      0x346 Src/main.o
                                      0x518d5 (size before relaxing)
 .debug_str     0x000000000005429b       0x1b Src/stm32f0xx_hal_msp.o
                                      0x50ca1 (size before relaxing)
 .debug_str     0x00000000000542b6       0x83 Src/stm32f0xx_it.o
                                      0x50fcc (size before relaxing)
 .debug_str     0x0000000000054339       0x83 Src/system_stm32f0xx.o
                                      0x50b29 (size before relaxing)
 .debug_str     0x00000000000543bc       0x17 Src/tsc.o
                                      0x50e1f (size before relaxing)
 .debug_str     0x00000000000543d3       0x21 Src/usart.o
                                      0x51271 (size before relaxing)

.comment        0x0000000000000000       0x6e
 .comment       0x0000000000000000       0x6e Drivers/STM32F0xx_HAL_Driver/Src/stm32f0xx_hal.o
                                         0x6f (size before relaxing)
 .comment       0x000000000000006e       0x6f Drivers/STM32F0xx_HAL_Driver/Src/stm32f0xx_hal_adc.o
 .comment       0x000000000000006e       0x6f Drivers/STM32F0xx_HAL_Driver/Src/stm32f0xx_hal_cortex.o
 .comment       0x000000000000006e       0x6f Drivers/STM32F0xx_HAL_Driver/Src/stm32f0xx_hal_dma.o
 .comment       0x000000000000006e       0x6f Drivers/STM32F0xx_HAL_Driver/Src/stm32f0xx_hal_gpio.o
 .comment       0x000000000000006e       0x6f Drivers/STM32F0xx_HAL_Driver/Src/stm32f0xx_hal_i2c.o
 .comment       0x000000000000006e       0x6f Drivers/STM32F0xx_HAL_Driver/Src/stm32f0xx_hal_i2c_ex.o
 .comment       0x000000000000006e       0x6f Drivers/STM32F0xx_HAL_Driver/Src/stm32f0xx_hal_rcc.o
 .comment       0x000000000000006e       0x6f Drivers/STM32F0xx_HAL_Driver/Src/stm32f0xx_hal_rcc_ex.o
 .comment       0x000000000000006e       0x6f Drivers/STM32F0xx_HAL_Driver/Src/stm32f0xx_hal_tsc.o
 .comment       0x000000000000006e       0x6f Drivers/STM32F0xx_HAL_Driver/Src/stm32f0xx_hal_uart.o
 .comment       0x000000000000006e       0x6f Drivers/STM32F0xx_HAL_Driver/Src/stm32f0xx_hal_uart_ex.o
 .comment       0x000000000000006e       0x6f Src/adc.o
 .comment       0x000000000000006e       0x6f Src/dma.o
 .comment       0x000000000000006e       0x6f Src/gpio.o
 .comment       0x000000000000006e       0x6f Src/i2c.o
 .comment       0x000000000000006e       0x6f Src/main.o
 .comment       0x000000000000006e       0x6f Src/stm32f0xx_hal_msp.o
 .comment       0x000000000000006e       0x6f Src/stm32f0xx_it.o
 .comment       0x000000000000006e       0x6f Src/system_stm32f0xx.o
 .comment       0x000000000000006e       0x6f Src/tsc.o
 .comment       0x000000000000006e       0x6f Src/usart.o

.debug_frame    0x0000000000000000     0x1ed0
 .debug_frame   0x0000000000000000      0x174 Drivers/STM32F0xx_HAL_Driver/Src/stm32f0xx_hal.o
 .debug_frame   0x0000000000000174      0x2a0 Drivers/STM32F0xx_HAL_Driver/Src/stm32f0xx_hal_adc.o
 .debug_frame   0x0000000000000414       0xe4 Drivers/STM32F0xx_HAL_Driver/Src/stm32f0xx_hal_cortex.o
 .debug_frame   0x00000000000004f8      0x168 Drivers/STM32F0xx_HAL_Driver/Src/stm32f0xx_hal_dma.o
 .debug_frame   0x0000000000000660       0xcc Drivers/STM32F0xx_HAL_Driver/Src/stm32f0xx_hal_gpio.o
 .debug_frame   0x000000000000072c      0x784 Drivers/STM32F0xx_HAL_Driver/Src/stm32f0xx_hal_i2c.o
 .debug_frame   0x0000000000000eb0       0xc0 Drivers/STM32F0xx_HAL_Driver/Src/stm32f0xx_hal_i2c_ex.o
 .debug_frame   0x0000000000000f70      0x12c Drivers/STM32F0xx_HAL_Driver/Src/stm32f0xx_hal_rcc.o
 .debug_frame   0x000000000000109c       0x58 Drivers/STM32F0xx_HAL_Driver/Src/stm32f0xx_hal_rcc_ex.o
 .debug_frame   0x00000000000010f4      0x184 Drivers/STM32F0xx_HAL_Driver/Src/stm32f0xx_hal_tsc.o
 .debug_frame   0x0000000000001278      0x500 Drivers/STM32F0xx_HAL_Driver/Src/stm32f0xx_hal_uart.o
 .debug_frame   0x0000000000001778       0xfc Drivers/STM32F0xx_HAL_Driver/Src/stm32f0xx_hal_uart_ex.o
 .debug_frame   0x0000000000001874       0x5c Src/adc.o
 .debug_frame   0x00000000000018d0       0x28 Src/dma.o
 .debug_frame   0x00000000000018f8       0x30 Src/gpio.o
 .debug_frame   0x0000000000001928       0x58 Src/i2c.o
 .debug_frame   0x0000000000001980      0x14c Src/main.o
 .debug_frame   0x0000000000001acc       0x28 Src/stm32f0xx_hal_msp.o
 .debug_frame   0x0000000000001af4       0x98 Src/stm32f0xx_it.o
 .debug_frame   0x0000000000001b8c       0x38 Src/system_stm32f0xx.o
 .debug_frame   0x0000000000001bc4       0x60 Src/tsc.o
 .debug_frame   0x0000000000001c24       0x70 Src/usart.o
 .debug_frame   0x0000000000001c94       0x20 /Applications/Ac6/SystemWorkbench.app/Contents/Eclipse/plugins/fr.ac6.mcu.externaltools.arm-none.macos64_1.13.1.201703061524/tools/compiler/bin/../lib/gcc/arm-none-eabi/5.4.1/armv6-m/libgcc.a(_udivsi3.o)
 .debug_frame   0x0000000000001cb4       0x2c /Applications/Ac6/SystemWorkbench.app/Contents/Eclipse/plugins/fr.ac6.mcu.externaltools.arm-none.macos64_1.13.1.201703061524/tools/compiler/bin/../lib/gcc/arm-none-eabi/5.4.1/../../../../arm-none-eabi/lib/armv6-m/libc_nano.a(lib_a-init.o)
 .debug_frame   0x0000000000001ce0       0x28 /Applications/Ac6/SystemWorkbench.app/Contents/Eclipse/plugins/fr.ac6.mcu.externaltools.arm-none.macos64_1.13.1.201703061524/tools/compiler/bin/../lib/gcc/arm-none-eabi/5.4.1/../../../../arm-none-eabi/lib/armv6-m/libc_nano.a(lib_a-memcpy-stub.o)
 .debug_frame   0x0000000000001d08       0x34 /Applications/Ac6/SystemWorkbench.app/Contents/Eclipse/plugins/fr.ac6.mcu.externaltools.arm-none.macos64_1.13.1.201703061524/tools/compiler/bin/../lib/gcc/arm-none-eabi/5.4.1/../../../../arm-none-eabi/lib/armv6-m/libc_nano.a(lib_a-strcasestr.o)
 .debug_frame   0x0000000000001d3c       0x28 /Applications/Ac6/SystemWorkbench.app/Contents/Eclipse/plugins/fr.ac6.mcu.externaltools.arm-none.macos64_1.13.1.201703061524/tools/compiler/bin/../lib/gcc/arm-none-eabi/5.4.1/../../../../arm-none-eabi/lib/armv6-m/libc_nano.a(lib_a-strcat.o)
 .debug_frame   0x0000000000001d64       0x34 /Applications/Ac6/SystemWorkbench.app/Contents/Eclipse/plugins/fr.ac6.mcu.externaltools.arm-none.macos64_1.13.1.201703061524/tools/compiler/bin/../lib/gcc/arm-none-eabi/5.4.1/../../../../arm-none-eabi/lib/armv6-m/libc_nano.a(lib_a-strncasecmp.o)
 .debug_frame   0x0000000000001d98       0x28 /Applications/Ac6/SystemWorkbench.app/Contents/Eclipse/plugins/fr.ac6.mcu.externaltools.arm-none.macos64_1.13.1.201703061524/tools/compiler/bin/../lib/gcc/arm-none-eabi/5.4.1/../../../../arm-none-eabi/lib/armv6-m/libc_nano.a(lib_a-strstr.o)
 .debug_frame   0x0000000000001dc0       0x94 /Applications/Ac6/SystemWorkbench.app/Contents/Eclipse/plugins/fr.ac6.mcu.externaltools.arm-none.macos64_1.13.1.201703061524/tools/compiler/bin/../lib/gcc/arm-none-eabi/5.4.1/../../../../arm-none-eabi/lib/armv6-m/libc_nano.a(lib_a-locale.o)
 .debug_frame   0x0000000000001e54       0x44 /Applications/Ac6/SystemWorkbench.app/Contents/Eclipse/plugins/fr.ac6.mcu.externaltools.arm-none.macos64_1.13.1.201703061524/tools/compiler/bin/../lib/gcc/arm-none-eabi/5.4.1/../../../../arm-none-eabi/lib/armv6-m/libc_nano.a(lib_a-mbtowc_r.o)
 .debug_frame   0x0000000000001e98       0x38 /Applications/Ac6/SystemWorkbench.app/Contents/Eclipse/plugins/fr.ac6.mcu.externaltools.arm-none.macos64_1.13.1.201703061524/tools/compiler/bin/../lib/gcc/arm-none-eabi/5.4.1/../../../../arm-none-eabi/lib/armv6-m/libc_nano.a(lib_a-wctomb_r.o)
